Archive member included to satisfy reference by file (symbol)

/home/user/ti/msp430_gcc/bin/../lib/gcc/msp430-elf/5.3.0/large/libgcc.a(_muldi3.o)
                              uNET/pcg-rand/pcg_basic.o (__mspabi_mpyll)
/home/user/ti/msp430_gcc/bin/../lib/gcc/msp430-elf/5.3.0/large/libgcc.a(_lshrdi3.o)
                              uNET/trickle.o (__lshrdi3)
/home/user/ti/msp430_gcc/bin/../lib/gcc/msp430-elf/5.3.0/large/libgcc.a(_ashldi3.o)
                              uNET/trickle.o (__ashldi3)
/home/user/ti/msp430_gcc/bin/../lib/gcc/msp430-elf/5.3.0/large/libgcc.a(_umoddi3.o)
                              uNET/trickle.o (__mspabi_remull)
/home/user/ti/msp430_gcc/bin/../lib/gcc/msp430-elf/5.3.0/large/libgcc.a(lib2divHI.o)
                              brtos/OSInfo.o (__mspabi_divi)
/home/user/ti/msp430_gcc/bin/../lib/gcc/msp430-elf/5.3.0/large/libgcc.a(lib2divSI.o)
                              brtos/BRTOS.o (__mspabi_divul)
/home/user/ti/msp430_gcc/bin/../lib/gcc/msp430-elf/5.3.0/large/libgcc.a(slli.o)
                              brtos/OSInfo.o (__mspabi_slli_2)
/home/user/ti/msp430_gcc/bin/../lib/gcc/msp430-elf/5.3.0/large/libgcc.a(srai.o)
                              uNET/ieee802154.o (__mspabi_srai)
/home/user/ti/msp430_gcc/bin/../lib/gcc/msp430-elf/5.3.0/large/libgcc.a(srli.o)
                              hal/HAL.o (__mspabi_srll_4)
/home/user/ti/msp430_gcc/bin/../lib/gcc/msp430-elf/5.3.0/large/libgcc.a(_clzdi2.o)
                              /home/user/ti/msp430_gcc/bin/../lib/gcc/msp430-elf/5.3.0/large/libgcc.a(_umoddi3.o) (__clzdi2)
/home/user/ti/msp430_gcc/bin/../lib/gcc/msp430-elf/5.3.0/large/libgcc.a(_udivdi3.o)
                              /home/user/ti/msp430_gcc/bin/../lib/gcc/msp430-elf/5.3.0/large/libgcc.a(lib2divSI.o) (__mspabi_divull)
/home/user/ti/msp430_gcc/bin/../lib/gcc/msp430-elf/5.3.0/large/libgcc.a(_clz.o)
                              /home/user/ti/msp430_gcc/bin/../lib/gcc/msp430-elf/5.3.0/large/libgcc.a(_clzdi2.o) (__clz_tab)
/home/user/ti/msp430_gcc/bin/../lib/gcc/msp430-elf/5.3.0/large/libmul_f5.a(lib2hw_mul_f5.o)
                              /home/user/ti/msp430_gcc/bin/../lib/gcc/msp430-elf/5.3.0/large/libgcc.a(_muldi3.o) (__mspabi_mpyl)
/home/user/ti/msp430_gcc/bin/../lib/gcc/msp430-elf/5.3.0/../../../../msp430-elf/lib/large/libc.a(lib_a-abort.o)
                              lib/stdio.o (abort)
/home/user/ti/msp430_gcc/bin/../lib/gcc/msp430-elf/5.3.0/../../../../msp430-elf/lib/large/libc.a(lib_a-exit.o)
                              app/tests.o (exit)
/home/user/ti/msp430_gcc/bin/../lib/gcc/msp430-elf/5.3.0/../../../../msp430-elf/lib/large/libc.a(lib_a-impure.o)
                              /home/user/ti/msp430_gcc/bin/../lib/gcc/msp430-elf/5.3.0/../../../../msp430-elf/lib/large/libc.a(lib_a-exit.o) (_global_impure_ptr)
/home/user/ti/msp430_gcc/bin/../lib/gcc/msp430-elf/5.3.0/../../../../msp430-elf/lib/large/libc.a(lib_a-memcmp.o)
                              uNET/transport.o (memcmp)
/home/user/ti/msp430_gcc/bin/../lib/gcc/msp430-elf/5.3.0/../../../../msp430-elf/lib/large/libc.a(lib_a-memcpy.o)
                              brtos/OSTime.o (memcpy)
/home/user/ti/msp430_gcc/bin/../lib/gcc/msp430-elf/5.3.0/../../../../msp430-elf/lib/large/libc.a(lib_a-memset.o)
                              uNET/ieee802154.o (memset)
/home/user/ti/msp430_gcc/bin/../lib/gcc/msp430-elf/5.3.0/../../../../msp430-elf/lib/large/libc.a(lib_a-signal.o)
                              /home/user/ti/msp430_gcc/bin/../lib/gcc/msp430-elf/5.3.0/../../../../msp430-elf/lib/large/libc.a(lib_a-abort.o) (raise)
/home/user/ti/msp430_gcc/bin/../lib/gcc/msp430-elf/5.3.0/../../../../msp430-elf/lib/large/libc.a(lib_a-signalr.o)
                              /home/user/ti/msp430_gcc/bin/../lib/gcc/msp430-elf/5.3.0/../../../../msp430-elf/lib/large/libc.a(lib_a-signal.o) (_kill_r)
/home/user/ti/msp430_gcc/bin/../lib/gcc/msp430-elf/5.3.0/../../../../msp430-elf/lib/large/libc.a(lib_a-sscanf.o)
                              app/terminal_commands.o (sscanf)
/home/user/ti/msp430_gcc/bin/../lib/gcc/msp430-elf/5.3.0/../../../../msp430-elf/lib/large/libc.a(lib_a-stdio.o)
                              /home/user/ti/msp430_gcc/bin/../lib/gcc/msp430-elf/5.3.0/../../../../msp430-elf/lib/large/libc.a(lib_a-sscanf.o) (__seofread)
/home/user/ti/msp430_gcc/bin/../lib/gcc/msp430-elf/5.3.0/../../../../msp430-elf/lib/large/libc.a(lib_a-strchr.o)
                              app/terminal_commands.o (strchr)
/home/user/ti/msp430_gcc/bin/../lib/gcc/msp430-elf/5.3.0/../../../../msp430-elf/lib/large/libc.a(lib_a-strcmp.o)
                              app/terminal/terminal.o (strcmp)
/home/user/ti/msp430_gcc/bin/../lib/gcc/msp430-elf/5.3.0/../../../../msp430-elf/lib/large/libc.a(lib_a-strlen.o)
                              app/terminal_commands.o (strlen)
/home/user/ti/msp430_gcc/bin/../lib/gcc/msp430-elf/5.3.0/../../../../msp430-elf/lib/large/libc.a(lib_a-strncpy.o)
                              app/terminal_commands.o (strncpy)
[...]
Memory Configuration

Name             Origin             Length             Attributes
SFR              0x00000000         0x00000010
BSL              0x00001000         0x00000800
RAM              0x00001c00         0x00004000
INFOMEM          0x00001800         0x00000200
INFOA            0x00001980         0x00000080
INFOB            0x00001900         0x00000080
INFOC            0x00001880         0x00000080
INFOD            0x00001800         0x00000080
ROM              0x00005c00         0x0000a380         xr
HIROM            0x00010000         0x00035bfb         xr
VECT1            0x0000ff80         0x00000002
VECT2            0x0000ff82         0x00000002
VECT3            0x0000ff84         0x00000002
VECT4            0x0000ff86         0x00000002
VECT5            0x0000ff88         0x00000002
VECT6            0x0000ff8a         0x00000002
VECT7            0x0000ff8c         0x00000002
VECT8            0x0000ff8e         0x00000002
VECT9            0x0000ff90         0x00000002
VECT10           0x0000ff92         0x00000002
VECT11           0x0000ff94         0x00000002
VECT12           0x0000ff96         0x00000002
VECT13           0x0000ff98         0x00000002
VECT14           0x0000ff9a         0x00000002
VECT15           0x0000ff9c         0x00000002
VECT16           0x0000ff9e         0x00000002
VECT17           0x0000ffa0         0x00000002
VECT18           0x0000ffa2         0x00000002
VECT19           0x0000ffa4         0x00000002
VECT20           0x0000ffa6         0x00000002
VECT21           0x0000ffa8         0x00000002
VECT22           0x0000ffaa         0x00000002
VECT23           0x0000ffac         0x00000002
VECT24           0x0000ffae         0x00000002
VECT25           0x0000ffb0         0x00000002
VECT26           0x0000ffb2         0x00000002
VECT27           0x0000ffb4         0x00000002
VECT28           0x0000ffb6         0x00000002
VECT29           0x0000ffb8         0x00000002
VECT30           0x0000ffba         0x00000002
VECT31           0x0000ffbc         0x00000002
VECT32           0x0000ffbe         0x00000002
VECT33           0x0000ffc0         0x00000002
VECT34           0x0000ffc2         0x00000002
VECT35           0x0000ffc4         0x00000002
VECT36           0x0000ffc6         0x00000002
VECT37           0x0000ffc8         0x00000002
VECT38           0x0000ffca         0x00000002
VECT39           0x0000ffcc         0x00000002
VECT40           0x0000ffce         0x00000002
VECT41           0x0000ffd0         0x00000002
VECT42           0x0000ffd2         0x00000002
VECT43           0x0000ffd4         0x00000002
VECT44           0x0000ffd6         0x00000002
VECT45           0x0000ffd8         0x00000002
VECT46           0x0000ffda         0x00000002
VECT47           0x0000ffdc         0x00000002
VECT48           0x0000ffde         0x00000002
VECT49           0x0000ffe0         0x00000002
VECT50           0x0000ffe2         0x00000002
VECT51           0x0000ffe4         0x00000002
VECT52           0x0000ffe6         0x00000002
VECT53           0x0000ffe8         0x00000002
VECT54           0x0000ffea         0x00000002
VECT55           0x0000ffec         0x00000002
VECT56           0x0000ffee         0x00000002
VECT57           0x0000fff0         0x00000002
VECT58           0x0000fff2         0x00000002
VECT59           0x0000fff4         0x00000002
VECT60           0x0000fff6         0x00000002
VECT61           0x0000fff8         0x00000002
VECT62           0x0000fffa         0x00000002
VECT63           0x0000fffc         0x00000002
RESETVEC         0x0000fffe         0x00000002
*default*        0x00000000         0xffffffff

Linker script and memory map

LOAD /home/user/ti/msp430_gcc/bin/../lib/gcc/msp430-elf/5.3.0/../../../../msp430-elf/lib/large/crt0.o
LOAD /home/user/ti/msp430_gcc/bin/../lib/gcc/msp430-elf/5.3.0/large/crtbegin.o
LOAD app/main.o
LOAD hal/drivers.o
LOAD hal/drivers/mcu.o
LOAD hal/drivers/leds.o
LOAD hal/drivers/uart.o
LOAD hal/drivers/spi.o
LOAD hal/HAL.o
LOAD cooja/cooja.o
LOAD brtos/BRTOS.o
LOAD brtos/mbox.o
LOAD brtos/mutex.o
LOAD brtos/OSInfo.o
LOAD brtos/OSTime.o
LOAD brtos/queue.o
LOAD brtos/semaphore.o
LOAD brtos/stimer.o
LOAD uNET/ieee802154.o
LOAD uNET/link.o
LOAD uNET/node.o
LOAD uNET/packet.o
LOAD uNET/transport.o
LOAD uNET/trickle.o
LOAD uNET/unet_core.o
LOAD uNET/unet_router.o
LOAD uNET/pcg-rand/pcg_basic.o
LOAD uNET/radio/cc2520/cc2520.o
LOAD uNET/radio/radio_null.o
LOAD app/tasks.o
LOAD app/terminal/terminal.o
LOAD app/app.o
LOAD app/terminal_commands.o
LOAD app/tests.o
LOAD lib/stdio.o
LOAD debug/debugdco.o
LOAD /home/user/ti/msp430_gcc/bin/../lib/gcc/msp430-elf/5.3.0/large/libgcc.a
START GROUP
LOAD /home/user/ti/msp430_gcc/bin/../lib/gcc/msp430-elf/5.3.0/large/libmul_f5.a
LOAD /home/user/ti/msp430_gcc/bin/../lib/gcc/msp430-elf/5.3.0/../../../../msp430-elf/lib/large/libc.a
LOAD /home/user/ti/msp430_gcc/bin/../lib/gcc/msp430-elf/5.3.0/large/libgcc.a
LOAD /home/user/ti/msp430_gcc/bin/../lib/gcc/msp430-elf/5.3.0/../../../../msp430-elf/lib/large/libcrt.a
LOAD /home/user/ti/msp430_gcc/bin/../lib/gcc/msp430-elf/5.3.0/../../../../msp430-elf/lib/large/libnosys.a
END GROUP

__interrupt_vector_1
 *(__interrupt_vector_1)

__interrupt_vector_2
 *(__interrupt_vector_2)

__interrupt_vector_3
 *(__interrupt_vector_3)

__interrupt_vector_4
 *(__interrupt_vector_4)

__interrupt_vector_5
 *(__interrupt_vector_5)

__interrupt_vector_6
 *(__interrupt_vector_6)

__interrupt_vector_7
 *(__interrupt_vector_7)

__interrupt_vector_8
 *(__interrupt_vector_8)

__interrupt_vector_9
 *(__interrupt_vector_9)

__interrupt_vector_10
 *(__interrupt_vector_10)

__interrupt_vector_11
 *(__interrupt_vector_11)

__interrupt_vector_12
 *(__interrupt_vector_12)

__interrupt_vector_13
 *(__interrupt_vector_13)

__interrupt_vector_14
 *(__interrupt_vector_14)

__interrupt_vector_15
 *(__interrupt_vector_15)

__interrupt_vector_16
 *(__interrupt_vector_16)

__interrupt_vector_17
 *(__interrupt_vector_17)

__interrupt_vector_18
 *(__interrupt_vector_18)

__interrupt_vector_19
 *(__interrupt_vector_19)

__interrupt_vector_20
 *(__interrupt_vector_20)

__interrupt_vector_21
 *(__interrupt_vector_21)

__interrupt_vector_22
 *(__interrupt_vector_22)

__interrupt_vector_23
 *(__interrupt_vector_23)

__interrupt_vector_24
 *(__interrupt_vector_24)

__interrupt_vector_25
 *(__interrupt_vector_25)

__interrupt_vector_26
 *(__interrupt_vector_26)

__interrupt_vector_27
 *(__interrupt_vector_27)

__interrupt_vector_28
 *(__interrupt_vector_28)

__interrupt_vector_29
 *(__interrupt_vector_29)

__interrupt_vector_30
 *(__interrupt_vector_30)

__interrupt_vector_31
 *(__interrupt_vector_31)

__interrupt_vector_32
 *(__interrupt_vector_32)

__interrupt_vector_33
 *(__interrupt_vector_33)

__interrupt_vector_34
 *(__interrupt_vector_34)

__interrupt_vector_35
 *(__interrupt_vector_35)

__interrupt_vector_36
 *(__interrupt_vector_36)

__interrupt_vector_37
 *(__interrupt_vector_37)

__interrupt_vector_38
 *(__interrupt_vector_38)

__interrupt_vector_39
 *(__interrupt_vector_39)

__interrupt_vector_40
 *(__interrupt_vector_40)

__interrupt_vector_41
 *(__interrupt_vector_41)

__interrupt_vector_42
 *(__interrupt_vector_42)
 *(__interrupt_vector_rtc)

__interrupt_vector_43
 *(__interrupt_vector_43)
 *(__interrupt_vector_port2)

__interrupt_vector_44
 *(__interrupt_vector_44)

__interrupt_vector_45
 *(__interrupt_vector_45)

__interrupt_vector_46
 *(__interrupt_vector_46)
 *(__interrupt_vector_usci_b1)

__interrupt_vector_47
                0x0000ffdc        0x2
 *(__interrupt_vector_47)
 __interrupt_vector_47
                0x0000ffdc        0x2 hal/drivers/uart.o
 *(__interrupt_vector_usci_a1)

__interrupt_vector_48
                0x0000ffde        0x2
 *(__interrupt_vector_48)
 __interrupt_vector_48
                0x0000ffde        0x2 uNET/radio/cc2520/cc2520.o
 *(__interrupt_vector_port1)

__interrupt_vector_49
 *(__interrupt_vector_49)
 *(__interrupt_vector_timer1_a1)

__interrupt_vector_50
 *(__interrupt_vector_50)
 *(__interrupt_vector_timer1_a0)

__interrupt_vector_51
 *(__interrupt_vector_51)
 *(__interrupt_vector_dma)

__interrupt_vector_52
 *(__interrupt_vector_52)

__interrupt_vector_53
 *(__interrupt_vector_53)

__interrupt_vector_54
                0x0000ffea        0x2
 *(__interrupt_vector_54)
 __interrupt_vector_54
                0x0000ffea        0x2 hal/HAL.o
 *(__interrupt_vector_timer0_a1)

__interrupt_vector_55
 *(__interrupt_vector_55)
 *(__interrupt_vector_timer0_a0)

__interrupt_vector_56
 *(__interrupt_vector_56)
 *(__interrupt_vector_adc12)

__interrupt_vector_57
 *(__interrupt_vector_57)
 *(__interrupt_vector_usci_b0)

__interrupt_vector_58
 *(__interrupt_vector_58)
 *(__interrupt_vector_usci_a0)

__interrupt_vector_59
 *(__interrupt_vector_59)
 *(__interrupt_vector_wdt)

__interrupt_vector_60
 *(__interrupt_vector_60)
 *(__interrupt_vector_timer0_b1)

__interrupt_vector_61
 *(__interrupt_vector_61)
 *(__interrupt_vector_timer0_b0)

__interrupt_vector_62
 *(__interrupt_vector_62)
 *(__interrupt_vector_unmi)

__interrupt_vector_63
 *(__interrupt_vector_63)
 *(__interrupt_vector_sysnmi)

__reset_vector  0x0000fffe        0x2
 *(__interrupt_vector_64)
 *(__interrupt_vector_reset)
 *(.resetvec)
 .resetvec      0x0000fffe        0x2 /home/user/ti/msp430_gcc/bin/../lib/gcc/msp430-elf/5.3.0/../../../../msp430-elf/lib/large/crt0.o

.rodata         0x00005c00     0x1828
                0x00005c00                . = ALIGN (0x2)
 *(.plt)
                0x00005c00                . = ALIGN (0x2)
 *(.lower.rodata.* .lower.rodata)
                0x00005c00                . = ALIGN (0x2)
 *(.rodata .rodata.* .gnu.linkonce.r.* .const .const:*)
 .rodata        0x00005c00      0x174 app/main.o
 .rodata        0x00005d74       0x23 hal/drivers.o
 .rodata        0x00005d97       0x23 hal/drivers/uart.o
 .rodata        0x00005dba      0x104 brtos/BRTOS.o
                0x00005e2e                PriorityMask
 .rodata        0x00005ebe      0x169 brtos/OSInfo.o
 .rodata        0x00006027        0xd brtos/OSTime.o
 .rodata        0x00006034      0x278 uNET/ieee802154.o
                0x000060ac                _ccitt_crc16_table
 .rodata        0x000062ac       0x3f uNET/link.o
 .rodata        0x000062eb       0x2b uNET/node.o
 .rodata        0x00006316       0x4b uNET/packet.o
 .rodata        0x00006361       0x20 uNET/transport.o
 .rodata        0x00006381      0x2b8 uNET/unet_core.o
 .rodata        0x00006639      0x418 uNET/unet_router.o
 *fill*         0x00006a51        0x1 
 .rodata        0x00006a52      0x136 uNET/radio/cc2520/cc2520.o
                0x00006b70                cc2520_driver
 .rodata        0x00006b88      0x14a app/tasks.o
 .rodata        0x00006cd2       0xda app/terminal/terminal.o
                0x00006d34                cmds
 .rodata        0x00006dac       0x80 app/app.o
 .rodata        0x00006e2c      0x328 app/terminal_commands.o
 .rodata        0x00007154       0x50 lib/stdio.o
 .rodata.__clz_tab
                0x000071a4      0x100 /home/user/ti/msp430_gcc/bin/../lib/gcc/msp430-elf/5.3.0/large/libgcc.a(_clz.o)
                0x000071a4                __clz_tab
 .rodata        0x000072a4        0x2 /home/user/ti/msp430_gcc/bin/../lib/gcc/msp430-elf/5.3.0/../../../../msp430-elf/lib/large/libc.a(lib_a-impure.o)
 .rodata        0x000072a6        0x4 /home/user/ti/msp430_gcc/bin/../lib/gcc/msp430-elf/5.3.0/../../../../msp430-elf/lib/large/libc.a(lib_a-nano-svfscanf.o)
 .rodata        0x000072aa       0x1b /home/user/ti/msp430_gcc/bin/../lib/gcc/msp430-elf/5.3.0/../../../../msp430-elf/lib/large/libc.a(lib_a-nano-vfscanf_i.o)
 .rodata._ctype_
                0x000072c5      0x101 /home/user/ti/msp430_gcc/bin/../lib/gcc/msp430-elf/5.3.0/../../../../msp430-elf/lib/large/libc.a(lib_a-ctype_.o)
                0x000072c5                _ctype_
 .rodata.__sf_fake_stderr
                0x000073c6       0x18 /home/user/ti/msp430_gcc/bin/../lib/gcc/msp430-elf/5.3.0/../../../../msp430-elf/lib/large/libc.a(lib_a-findfp.o)
                0x000073c6                __sf_fake_stderr
 .rodata.__sf_fake_stdout
                0x000073de       0x18 /home/user/ti/msp430_gcc/bin/../lib/gcc/msp430-elf/5.3.0/../../../../msp430-elf/lib/large/libc.a(lib_a-findfp.o)
                0x000073de                __sf_fake_stdout
 .rodata.__sf_fake_stdin
                0x000073f6       0x18 /home/user/ti/msp430_gcc/bin/../lib/gcc/msp430-elf/5.3.0/../../../../msp430-elf/lib/large/libc.a(lib_a-findfp.o)
                0x000073f6                __sf_fake_stdin
 .rodata        0x0000740e       0x1a /home/user/ti/msp430_gcc/bin/../lib/gcc/msp430-elf/5.3.0/../../../../msp430-elf/lib/large/libnosys.a(sbrk.o)
 *(.rodata1)
 *(.gcc_except_table)
 *(.gcc_except_table.*)
                0x00007428                PROVIDE (__preinit_array_start, .)
 *(.preinit_array)
                0x00007428                PROVIDE (__preinit_array_end, .)
                0x00007428                PROVIDE (__init_array_start, .)
 *(SORT(.init_array.*))
 *(.init_array)
                0x00007428                PROVIDE (__init_array_end, .)
                0x00007428                PROVIDE (__fini_array_start, .)
 *(.fini_array)
 *(SORT(.fini_array.*))
                0x00007428                PROVIDE (__fini_array_end, .)

.rodata2        0x00007428       0xa4
                0x00007428                . = ALIGN (0x2)
 *(.eh_frame_hdr)
 *(.eh_frame)
 .eh_frame      0x00007428        0x0 /home/user/ti/msp430_gcc/bin/../lib/gcc/msp430-elf/5.3.0/large/crtbegin.o
 .eh_frame      0x00007428       0x48 /home/user/ti/msp430_gcc/bin/../lib/gcc/msp430-elf/5.3.0/large/libgcc.a(_umoddi3.o)
 .eh_frame      0x00007470       0x48 /home/user/ti/msp430_gcc/bin/../lib/gcc/msp430-elf/5.3.0/large/libgcc.a(_udivdi3.o)
 .eh_frame      0x000074b8        0x4 /home/user/ti/msp430_gcc/bin/../lib/gcc/msp430-elf/5.3.0/large/crtend.o
 *crtbegin*.o(.ctors)
 .ctors         0x000074bc        0x4 /home/user/ti/msp430_gcc/bin/../lib/gcc/msp430-elf/5.3.0/large/crtbegin.o
 *(EXCLUDE_FILE(*crtend*.o) .ctors)
 *(SORT(.ctors.*))
 *(.ctors)
 .ctors         0x000074c0        0x4 /home/user/ti/msp430_gcc/bin/../lib/gcc/msp430-elf/5.3.0/large/crtend.o
 *crtbegin*.o(.dtors)
 .dtors         0x000074c4        0x4 /home/user/ti/msp430_gcc/bin/../lib/gcc/msp430-elf/5.3.0/large/crtbegin.o
 *(EXCLUDE_FILE(*crtend*.o) .dtors)
 *(SORT(.dtors.*))
 *(.dtors)
 .dtors         0x000074c8        0x4 /home/user/ti/msp430_gcc/bin/../lib/gcc/msp430-elf/5.3.0/large/crtend.o
                0x000074c8                __DTOR_END__

.upper.rodata
 *(.upper.rodata.* .upper.rodata)

.data           0x00001c00      0x2be load address 0x000074cc
                0x00001c00                . = ALIGN (0x2)
                0x00001c00                PROVIDE (__datastart, .)
 *(.lower.data.* .lower.data)
                0x00001c00                . = ALIGN (0x2)
 *(.either.data.* .either.data)
                0x00001c00                . = ALIGN (0x2)
 *(.jcr)
 .jcr           0x00001c00        0x0 /home/user/ti/msp430_gcc/bin/../lib/gcc/msp430-elf/5.3.0/large/crtbegin.o
 .jcr           0x00001c00        0x4 /home/user/ti/msp430_gcc/bin/../lib/gcc/msp430-elf/5.3.0/large/crtend.o
 *(.data.rel.ro.local)
 *(.data.rel.ro*)
 *(.dynamic)
                0x00001c04                . = ALIGN (0x2)
 *(.data .data.* .gnu.linkonce.d.*)
 .data          0x00001c04        0x4 hal/drivers/mcu.o
 .data          0x00001c08        0x2 cooja/cooja.o
                0x00001c08                node_id
 .data          0x00001c0a       0x22 brtos/BRTOS.o
                0x00001c0a                iNesting
                0x00001c0c                TaskAlloc
                0x00001c10                DutyCnt
                0x00001c12                LastOSDuty
                0x00001c14                OSDutyTmp
                0x00001c18                OSDuty
                0x00001c1c                OSBlockedList
                0x00001c20                OSReadyList
                0x00001c24                iQueueAddress
                0x00001c26                iStackAddress
                0x00001c28                version
 .data          0x00001c2c        0x1 uNET/ieee802154.o
                0x00001c2c                last_rx_seq_idx
 *fill*         0x00001c2d        0x1 
 .data          0x00001c2e        0xa uNET/link.o
                0x00001c2e                link_reset_cnt
                0x00001c2f                just_reset
                0x00001c30                NeighborLinkPacketTimeCnt
                0x00001c32                NeighborTable
                0x00001c34                ParentRSSI
                0x00001c36                ParentNeighborID
 .data          0x00001c38       0x10 uNET/transport.o
                0x00001c38                last_transmition_time
                0x00001c40                unet_tp_head
                0x00001c44                unet_tp_tail
 .data          0x00001c48        0x2 uNET/trickle.o
                0x00001c48                trickle_seed
 .data          0x00001c4a        0xc uNET/unet_core.o
                0x00001c52                radio_int_status
                0x00001c54                unet_verbose
 .data          0x00001c56       0xea uNET/unet_router.o
                0x00001c56                next_header_tostring
                0x00001c6e                packet_type_tostring
                0x00001c8a                route_error_tostring
                0x00001c9e                rtable_up
 .data          0x00001d40       0x10 uNET/pcg-rand/pcg_basic.o
 .data          0x00001d50        0x8 app/tasks.o
 .data          0x00001d58       0x22 app/terminal_commands.o
                0x00001d58                client
 .data._impure_ptr
                0x00001d7a        0x4 /home/user/ti/msp430_gcc/bin/../lib/gcc/msp430-elf/5.3.0/../../../../msp430-elf/lib/large/libc.a(lib_a-impure.o)
                0x00001d7a                _impure_ptr
 .data.impure_data
                0x00001d7e       0xe0 /home/user/ti/msp430_gcc/bin/../lib/gcc/msp430-elf/5.3.0/../../../../msp430-elf/lib/large/libc.a(lib_a-impure.o)
 .data          0x00001e5e        0xc /home/user/ti/msp430_gcc/bin/../lib/gcc/msp430-elf/5.3.0/../../../../msp430-elf/lib/large/libc.a(lib_a-nano-vfscanf_i.o)
 .data.__ctype_ptr__
                0x00001e6a        0x4 /home/user/ti/msp430_gcc/bin/../lib/gcc/msp430-elf/5.3.0/../../../../msp430-elf/lib/large/libc.a(lib_a-ctype_.o)
                0x00001e6a                __ctype_ptr__
 .data.heap.1456
                0x00001e6e        0x4 /home/user/ti/msp430_gcc/bin/../lib/gcc/msp430-elf/5.3.0/../../../../msp430-elf/lib/large/libnosys.a(sbrk.o)
 .data          0x00001e72       0x4b /home/user/ti/msp430_gcc/bin/../lib/gcc/msp430-elf/5.3.0/../../../../msp430-elf/lib/large/libnosys.a(cio.o)
                0x00001e72                __CIOBUF__
                0x00001e72                _CIOBUF_
 *(.gnu.linkonce.d.*personality*)
 *(.data1)
 *(.got.plt)
 *(.got)
                0x00001ebe                . = ALIGN (0x2)
 *fill*         0x00001ebd        0x1 
 *(.sdata .sdata.* .gnu.linkonce.s.* D_2 D_1)
                0x00001ebe                . = ALIGN (0x2)
                0x00001ebe                _edata = .
                [!provide]                PROVIDE (edata, .)
                [!provide]                PROVIDE (__dataend, .)
                0x000074cc                PROVIDE (__romdatastart, LOADADDR (.data))
                0x000002be                PROVIDE (__romdatacopysize, SIZEOF (.data))

.bss            0x00001ebe     0x2e80 load address 0x0000778a
                0x00001ebe                . = ALIGN (0x2)
                0x00001ebe                PROVIDE (__bssstart, .)
 *(.lower.bss.* .lower.bss)
                0x00001ebe                . = ALIGN (0x2)
 *(.either.bss.* .either.bss)
 *(.dynbss)
 *(.sbss .sbss.*)
 *(.bss .bss.* .gnu.linkonce.b.*)
 .bss.completed.3106
                0x00001ebe        0x1 /home/user/ti/msp430_gcc/bin/../lib/gcc/msp430-elf/5.3.0/large/crtbegin.o
 *fill*         0x00001ebf        0x1 
 .bss.dtor_idx.3108
                0x00001ec0        0x4 /home/user/ti/msp430_gcc/bin/../lib/gcc/msp430-elf/5.3.0/large/crtbegin.o
 .bss.object.3121
                0x00001ec4       0x18 /home/user/ti/msp430_gcc/bin/../lib/gcc/msp430-elf/5.3.0/large/crtbegin.o
 .bss           0x00001edc        0x2 hal/HAL.o
 .bss           0x00001ede        0x8 brtos/BRTOS.o
 .bss           0x00001ee6       0x12 brtos/OSTime.o
 .bss           0x00001ef8        0x2 uNET/ieee802154.o
 .bss           0x00001efa       0x1a uNET/node.o
 .bss           0x00001f14       0xe2 uNET/unet_core.o
 .bss           0x00001ff6       0x1a uNET/radio/cc2520/cc2520.o
 .bss           0x00002010       0x26 app/terminal/terminal.o
 .bss.__malloc_sbrk_start
                0x00002036        0x4 /home/user/ti/msp430_gcc/bin/../lib/gcc/msp430-elf/5.3.0/../../../../msp430-elf/lib/large/libc.a(lib_a-nano-mallocr.o)
                0x00002036                __malloc_sbrk_start
 .bss.__malloc_free_list
                0x0000203a        0x4 /home/user/ti/msp430_gcc/bin/../lib/gcc/msp430-elf/5.3.0/../../../../msp430-elf/lib/large/libc.a(lib_a-nano-mallocr.o)
                0x0000203a                __malloc_free_list
                0x0000203e                . = ALIGN (0x2)
 *(COMMON)
 COMMON         0x0000203e       0x19 app/main.o
                0x0000203e                TH_SYSTEM
                0x00002042                TH_NET_APP1
                0x00002046                TH_TERMINAL
                0x0000204a                Serial
                0x0000204e                TH_NET_APP2
                0x00002052                SEMTESTE
                0x00002056                status
 *fill*         0x00002057        0x1 
 COMMON         0x00002058        0x5 hal/drivers/uart.o
                0x00002058                SerialResource
                0x0000205c                receive_byte
 *fill*         0x0000205d        0x1 
 COMMON         0x0000205e        0x6 hal/HAL.o
                0x0000205e                SPvalue
                0x00002062                debug_ticktimersetup
 COMMON         0x00002064     0x2482 brtos/BRTOS.o
                0x00002064                BRTOS_Sem_Table
                0x000020cc                StackAddress
                0x000020ce                BRTOS_Queue_Table
                0x000020da                NumberOfInstalledTasks
                0x000020db                PriorityVector
                0x000020fb                SelectedTask
                0x000020fc                currentTask
                0x000020fe                QUEUE_STACK
                0x000022fe                BRTOS_Mutex_Table
                0x00002326                STACK
                0x00004326                Head
                0x0000432a                ContextTask
                0x000044ce                Tail
                0x000044d2                BRTOS_OS_QUEUE_Table
 COMMON         0x000044e6       0x80 uNET/ieee802154.o
                0x000044e6                last_rx_sequences
 COMMON         0x00004566       0xce uNET/link.o
                0x00004566                unet_neighbourhood
                0x000045a6                link_pkt
 COMMON         0x00004634       0xe3 uNET/unet_core.o
                0x00004634                Link_Packet_TX_Event
                0x00004638                timer_down
                0x00004662                UNET_NodeStat
                0x00004682                Radio_IEEE802
                0x00004686                Router_Down_Ack_Received
                0x0000468a                App1_event
                0x0000468e                Router_Up_Route_Request
                0x00004692                i
                0x00004696                TH_NETWORK
                0x0000469a                Radio_TX_Event
                0x0000469e                TH_RADIO
                0x000046a2                Router_Down_Ack_Request
                0x000046a6                TH_MAC
                0x000046aa                Router_Up_Ack_Request
                0x000046ae                Router_Up_Ack_Received
                0x000046b2                neighbourhood_timer
                0x000046b6                Router_Down_Route_Request
                0x000046ba                Radio_RX_Event
                0x000046be                NWKPayload
 *fill*         0x00004717        0x1 
 COMMON         0x00004718      0x1aa uNET/unet_router.o
                0x00004718                packet_up
                0x000047a6                packet_down
                0x00004834                packet_multicast_up
 COMMON         0x000048c2      0x47a app/terminal_commands.o
                0x000048c2                big_buffer
                0x00004cc2                payload_tx
                0x00004cd2                dest_addr64
                0x00004cda                payload_rx
 COMMON         0x00004d3c        0x2 /home/user/ti/msp430_gcc/bin/../lib/gcc/msp430-elf/5.3.0/../../../../msp430-elf/lib/large/libc.a(lib_a-reent.o)
                0x00004d3c                errno
                [!provide]                PROVIDE (__bssend, .)
                0x00002e80                PROVIDE (__bsssize, SIZEOF (.bss))

.noinit         0x00004d3e        0x0 load address 0x0000778a
                0x00004d3e                . = ALIGN (0x2)
                [!provide]                PROVIDE (__noinit_start, .)
 *(.noinit)
                0x00004d3e                . = ALIGN (0x2)
                [!provide]                PROVIDE (__noinit_end, .)

.heap           0x00004d3e        0x4 load address 0x0000778a
                0x00004d3e                . = ALIGN (0x2)
                0x00004d3e                __heap_start__ = .
                0x00004d3e                _end = __heap_start__
                0x00004d3e                PROVIDE (end, .)
 *(.heap)
                0x00004d3e                _end = .
                [!provide]                PROVIDE (end, .)
                0x00004d3e        0x4 LONG 0x0
                0x00004d42                __heap_end__ = .
                0x00004d42                __HeapLimit = __heap_end__

.stack          0x00005c00        0x0
                0x00005c00                PROVIDE (__stack, .)
 *(.stack)

.lowtext        0x0000778a      0x390
                0x0000778a                PROVIDE (_start, .)
                0x0000778a                . = ALIGN (0x2)
 *(SORT(.crt_*))
 .crt_0000start
                0x0000778a        0x4 /home/user/ti/msp430_gcc/bin/../lib/gcc/msp430-elf/5.3.0/../../../../msp430-elf/lib/large/crt0.o
                0x0000778a                __crt0_start
 .crt_0100init_bss
                0x0000778e       0x10 /home/user/ti/msp430_gcc/bin/../lib/gcc/msp430-elf/5.3.0/../../../../msp430-elf/lib/large/libcrt.a(crt_bss.o)
                0x0000778e                __crt0_init_bss
 .crt_0300movedata
                0x0000779e       0x14 /home/user/ti/msp430_gcc/bin/../lib/gcc/msp430-elf/5.3.0/../../../../msp430-elf/lib/large/libcrt.a(crt_movedata.o)
                0x0000779e                __crt0_movedata
 .crt_0700call_init_then_main
                0x000077b2        0xa /home/user/ti/msp430_gcc/bin/../lib/gcc/msp430-elf/5.3.0/../../../../msp430-elf/lib/large/libcrt.a(crt_main.o)
                0x000077b2                __crt0_call_init_then_main
 .crt_0800call_exit
                0x000077bc        0x4 /home/user/ti/msp430_gcc/bin/../lib/gcc/msp430-elf/5.3.0/../../../../msp430-elf/lib/large/libcrt.a(crt_callexit.o)
                0x000077bc                __crt0_call_exit
 .crt_0900main_init
                0x000077c0       0x40 /home/user/ti/msp430_gcc/bin/../lib/gcc/msp430-elf/5.3.0/../../../../msp430-elf/lib/large/crt0.o
                0x000077c0                _msp430_run_init_array
                0x000077d0                _msp430_run_preinit_array
                0x000077e0                _msp430_run_fini_array
 *(.lowtext)
 .lowtext       0x00007800       0xea hal/drivers/uart.o
                0x00007800                USCIxRX_ISR
 .lowtext       0x000078ea      0x148 hal/HAL.o
                0x000078ea                TickTimer
 .lowtext       0x00007a32       0xe8 uNET/radio/cc2520/cc2520.o
                0x00007a32                Radio_RX_Interrupt

.text           0x00007b1c     0x20b0
                0x00007b1c                . = ALIGN (0x2)
 *(.lower.text.* .lower.text)
                0x00007b1c                . = ALIGN (0x2)
 *(.text .stub .text.* .gnu.linkonce.t.* .text:*)
 .text.deregister_tm_clones
                0x00007b1c       0x22 /home/user/ti/msp430_gcc/bin/../lib/gcc/msp430-elf/5.3.0/large/crtbegin.o
 .text.register_tm_clones
                0x00007b3e       0x7c /home/user/ti/msp430_gcc/bin/../lib/gcc/msp430-elf/5.3.0/large/crtbegin.o
 .text.__do_global_dtors_aux
                0x00007bba       0x9e /home/user/ti/msp430_gcc/bin/../lib/gcc/msp430-elf/5.3.0/large/crtbegin.o
 .text.frame_dummy
                0x00007c58       0x32 /home/user/ti/msp430_gcc/bin/../lib/gcc/msp430-elf/5.3.0/large/crtbegin.o
 .text.__muldi3
                0x00007c8a      0x144 /home/user/ti/msp430_gcc/bin/../lib/gcc/msp430-elf/5.3.0/large/libgcc.a(_muldi3.o)
                0x00007c8a                __mspabi_mpyll
 .text.__lshrdi3
                0x00007dce       0x8e /home/user/ti/msp430_gcc/bin/../lib/gcc/msp430-elf/5.3.0/large/libgcc.a(_lshrdi3.o)
                0x00007dce                __lshrdi3
 .text.__ashldi3
                0x00007e5c       0x98 /home/user/ti/msp430_gcc/bin/../lib/gcc/msp430-elf/5.3.0/large/libgcc.a(_ashldi3.o)
                0x00007e5c                __ashldi3
 .text.__umoddi3
                0x00007ef4      0x2bc /home/user/ti/msp430_gcc/bin/../lib/gcc/msp430-elf/5.3.0/large/libgcc.a(_umoddi3.o)
                0x00007ef4                __mspabi_remull
 .text.udivmodhi4
                0x000081b0       0x3e /home/user/ti/msp430_gcc/bin/../lib/gcc/msp430-elf/5.3.0/large/libgcc.a(lib2divHI.o)
                0x000081b0                udivmodhi4
 .text.__divhi3
                0x000081ee       0x50 /home/user/ti/msp430_gcc/bin/../lib/gcc/msp430-elf/5.3.0/large/libgcc.a(lib2divHI.o)
                0x000081ee                __mspabi_divi
 .text.__udivhi3
                0x0000823e        0x8 /home/user/ti/msp430_gcc/bin/../lib/gcc/msp430-elf/5.3.0/large/libgcc.a(lib2divHI.o)
                0x0000823e                __mspabi_divu
 .text.__umodhi3
                0x00008246        0x8 /home/user/ti/msp430_gcc/bin/../lib/gcc/msp430-elf/5.3.0/large/libgcc.a(lib2divHI.o)
                0x00008246                __mspabi_remu
 .text.udivmodsi4
                0x0000824e       0x8c /home/user/ti/msp430_gcc/bin/../lib/gcc/msp430-elf/5.3.0/large/libgcc.a(lib2divSI.o)
                0x0000824e                udivmodsi4
 .text.__udivsi3
                0x000082da       0x12 /home/user/ti/msp430_gcc/bin/../lib/gcc/msp430-elf/5.3.0/large/libgcc.a(lib2divSI.o)
                0x000082da                __mspabi_divul
                0x000082da                __mspabi_divlu
 .text.__umodsi3
                0x000082ec       0x12 /home/user/ti/msp430_gcc/bin/../lib/gcc/msp430-elf/5.3.0/large/libgcc.a(lib2divSI.o)
                0x000082ec                __mspabi_remul
 .text          0x000082fe       0x74 /home/user/ti/msp430_gcc/bin/../lib/gcc/msp430-elf/5.3.0/large/libgcc.a(slli.o)
                0x000082fe                __mspabi_slli_15
                0x00008300                __mspabi_slli_14
                0x00008302                __mspabi_slli_13
                0x00008304                __mspabi_slli_12
                0x00008306                __mspabi_slli_11
                0x00008308                __mspabi_slli_10
                0x0000830a                __mspabi_slli_9
                0x0000830c                __mspabi_slli_8
                0x0000830e                __mspabi_slli_7
                0x00008310                __mspabi_slli_6
                0x00008312                __mspabi_slli_5
                0x00008314                __mspabi_slli_4
                0x00008316                __mspabi_slli_3
                0x00008318                __mspabi_slli_2
                0x0000831a                __mspabi_slli_1
                0x00008322                __mspabi_slli
                0x00008328                __mspabi_slll_15
                0x0000832c                __mspabi_slll_14
                0x00008330                __mspabi_slll_13
                0x00008334                __mspabi_slll_12
                0x00008338                __mspabi_slll_11
                0x0000833c                __mspabi_slll_10
                0x00008340                __mspabi_slll_9
                0x00008344                __mspabi_slll_8
                0x00008348                __mspabi_slll_7
                0x0000834c                __mspabi_slll_6
                0x00008350                __mspabi_slll_5
                0x00008354                __mspabi_slll_4
                0x00008358                __mspabi_slll_3
                0x0000835c                __mspabi_slll_2
                0x00008360                __mspabi_slll_1
                0x0000836c                __mspabi_slll
 .text          0x00008372       0x74 /home/user/ti/msp430_gcc/bin/../lib/gcc/msp430-elf/5.3.0/large/libgcc.a(srai.o)
                0x00008372                __mspabi_srai_15
                0x00008374                __mspabi_srai_14
                0x00008376                __mspabi_srai_13
                0x00008378                __mspabi_srai_12
                0x0000837a                __mspabi_srai_11
                0x0000837c                __mspabi_srai_10
                0x0000837e                __mspabi_srai_9
                0x00008380                __mspabi_srai_8
                0x00008382                __mspabi_srai_7
                0x00008384                __mspabi_srai_6
                0x00008386                __mspabi_srai_5
                0x00008388                __mspabi_srai_4
                0x0000838a                __mspabi_srai_3
                0x0000838c                __mspabi_srai_2
                0x0000838e                __mspabi_srai_1
                0x00008396                __mspabi_srai
                0x0000839c                __mspabi_sral_15
                0x000083a0                __mspabi_sral_14
                0x000083a4                __mspabi_sral_13
                0x000083a8                __mspabi_sral_12
                0x000083ac                __mspabi_sral_11
                0x000083b0                __mspabi_sral_10
                0x000083b4                __mspabi_sral_9
                0x000083b8                __mspabi_sral_8
                0x000083bc                __mspabi_sral_7
                0x000083c0                __mspabi_sral_6
                0x000083c4                __mspabi_sral_5
                0x000083c8                __mspabi_sral_4
                0x000083cc                __mspabi_sral_3
                0x000083d0                __mspabi_sral_2
                0x000083d4                __mspabi_sral_1
                0x000083e0                __mspabi_sral
 .text          0x000083e6       0xb4 /home/user/ti/msp430_gcc/bin/../lib/gcc/msp430-elf/5.3.0/large/libgcc.a(srli.o)
                0x000083e6                __mspabi_srli_15
                0x000083ea                __mspabi_srli_14
                0x000083ee                __mspabi_srli_13
                0x000083f2                __mspabi_srli_12
                0x000083f6                __mspabi_srli_11
                0x000083fa                __mspabi_srli_10
                0x000083fe                __mspabi_srli_9
                0x00008402                __mspabi_srli_8
                0x00008406                __mspabi_srli_7
                0x0000840a                __mspabi_srli_6
                0x0000840e                __mspabi_srli_5
                0x00008412                __mspabi_srli_4
                0x00008416                __mspabi_srli_3
                0x0000841a                __mspabi_srli_2
                0x0000841e                __mspabi_srli_1
                0x0000842a                __mspabi_srli
                0x00008430                __mspabi_srll_15
                0x00008436                __mspabi_srll_14
                0x0000843c                __mspabi_srll_13
                0x00008442                __mspabi_srll_12
                0x00008448                __mspabi_srll_11
                0x0000844e                __mspabi_srll_10
                0x00008454                __mspabi_srll_9
                0x0000845a                __mspabi_srll_8
                0x00008460                __mspabi_srll_7
                0x00008466                __mspabi_srll_6
                0x0000846c                __mspabi_srll_5
                0x00008472                __mspabi_srll_4
                0x00008478                __mspabi_srll_3
                0x0000847e                __mspabi_srll_2
                0x00008484                __mspabi_srll_1
                0x00008494                __mspabi_srll
 .text.__clzdi2
                0x0000849a       0x6a /home/user/ti/msp430_gcc/bin/../lib/gcc/msp430-elf/5.3.0/large/libgcc.a(_clzdi2.o)
                0x0000849a                __clzdi2
 .text.__mulsi2_f5
                0x00008504       0x22 /home/user/ti/msp430_gcc/bin/../lib/gcc/msp430-elf/5.3.0/large/libmul_f5.a(lib2hw_mul_f5.o)
                0x00008504                __mspabi_mpyl
                0x00008504                __mspabi_mpyl_f5hw
                0x00008504                __mulsi2_f5
 .text.abort    0x00008526        0xe /home/user/ti/msp430_gcc/bin/../lib/gcc/msp430-elf/5.3.0/../../../../msp430-elf/lib/large/libc.a(lib_a-abort.o)
                0x00008526                abort
 .text.memcmp   0x00008534       0x2a /home/user/ti/msp430_gcc/bin/../lib/gcc/msp430-elf/5.3.0/../../../../msp430-elf/lib/large/libc.a(lib_a-memcmp.o)
                0x00008534                memcmp
 .text.memcpy   0x0000855e       0x1e /home/user/ti/msp430_gcc/bin/../lib/gcc/msp430-elf/5.3.0/../../../../msp430-elf/lib/large/libc.a(lib_a-memcpy.o)
                0x0000855e                memcpy
 .text.memset   0x0000857c       0x1a /home/user/ti/msp430_gcc/bin/../lib/gcc/msp430-elf/5.3.0/../../../../msp430-elf/lib/large/libc.a(lib_a-memset.o)
                0x0000857c                memset
 .text._raise_r
                0x00008596       0x98 /home/user/ti/msp430_gcc/bin/../lib/gcc/msp430-elf/5.3.0/../../../../msp430-elf/lib/large/libc.a(lib_a-signal.o)
                0x00008596                _raise_r
 .text.raise    0x0000862e        0xc /home/user/ti/msp430_gcc/bin/../lib/gcc/msp430-elf/5.3.0/../../../../msp430-elf/lib/large/libc.a(lib_a-signal.o)
                0x0000862e                raise
 .text._kill_r  0x0000863a       0x28 /home/user/ti/msp430_gcc/bin/../lib/gcc/msp430-elf/5.3.0/../../../../msp430-elf/lib/large/libc.a(lib_a-signalr.o)
                0x0000863a                _kill_r
 .text._getpid_r
                0x00008662        0x6 /home/user/ti/msp430_gcc/bin/../lib/gcc/msp430-elf/5.3.0/../../../../msp430-elf/lib/large/libc.a(lib_a-signalr.o)
                0x00008662                _getpid_r
 .text.sscanf   0x00008668       0x50 /home/user/ti/msp430_gcc/bin/../lib/gcc/msp430-elf/5.3.0/../../../../msp430-elf/lib/large/libc.a(lib_a-sscanf.o)
                0x00008668                sscanf
                0x00008668                siscanf
 .text.__seofread
                0x000086b8        0x4 /home/user/ti/msp430_gcc/bin/../lib/gcc/msp430-elf/5.3.0/../../../../msp430-elf/lib/large/libc.a(lib_a-stdio.o)
                0x000086b8                __seofread
 .text.strchr   0x000086bc       0x20 /home/user/ti/msp430_gcc/bin/../lib/gcc/msp430-elf/5.3.0/../../../../msp430-elf/lib/large/libc.a(lib_a-strchr.o)
                0x000086bc                strchr
 .text.strcmp   0x000086dc       0x22 /home/user/ti/msp430_gcc/bin/../lib/gcc/msp430-elf/5.3.0/../../../../msp430-elf/lib/large/libc.a(lib_a-strcmp.o)
                0x000086dc                strcmp
 .text.strlen   0x000086fe       0x16 /home/user/ti/msp430_gcc/bin/../lib/gcc/msp430-elf/5.3.0/../../../../msp430-elf/lib/large/libc.a(lib_a-strlen.o)
                0x000086fe                strlen
 .text.strncpy  0x00008714       0x42 /home/user/ti/msp430_gcc/bin/../lib/gcc/msp430-elf/5.3.0/../../../../msp430-elf/lib/large/libc.a(lib_a-strncpy.o)
                0x00008714                strncpy
 .text.strtok   0x00008756       0xae /home/user/ti/msp430_gcc/bin/../lib/gcc/msp430-elf/5.3.0/../../../../msp430-elf/lib/large/libc.a(lib_a-strtok.o)
                0x00008756                strtok
 .text.__strtok_r
                0x00008804       0x8c /home/user/ti/msp430_gcc/bin/../lib/gcc/msp430-elf/5.3.0/../../../../msp430-elf/lib/large/libc.a(lib_a-strtok_r.o)
                0x00008804                __strtok_r
 .text.malloc   0x00008890        0xc /home/user/ti/msp430_gcc/bin/../lib/gcc/msp430-elf/5.3.0/../../../../msp430-elf/lib/large/libc.a(lib_a-malloc.o)
                0x00008890                malloc
 .text._free_r  0x0000889c      0x12a /home/user/ti/msp430_gcc/bin/../lib/gcc/msp430-elf/5.3.0/../../../../msp430-elf/lib/large/libc.a(lib_a-nano-freer.o)
                0x0000889c                _free_r
 .text._malloc_r
                0x000089c6      0x134 /home/user/ti/msp430_gcc/bin/../lib/gcc/msp430-elf/5.3.0/../../../../msp430-elf/lib/large/libc.a(lib_a-nano-mallocr.o)
                0x000089c6                _malloc_r
 .text._sungetc_r
                0x00008afa       0xaa /home/user/ti/msp430_gcc/bin/../lib/gcc/msp430-elf/5.3.0/../../../../msp430-elf/lib/large/libc.a(lib_a-nano-svfscanf.o)
                0x00008afa                _sungetc_r
 .text.__ssrefill_r
                0x00008ba4       0x54 /home/user/ti/msp430_gcc/bin/../lib/gcc/msp430-elf/5.3.0/../../../../msp430-elf/lib/large/libc.a(lib_a-nano-svfscanf.o)
                0x00008ba4                __ssrefill_r
 .text.__ssvfscanf_r
                0x00008bf8      0x3ea /home/user/ti/msp430_gcc/bin/../lib/gcc/msp430-elf/5.3.0/../../../../msp430-elf/lib/large/libc.a(lib_a-nano-svfscanf.o)
                0x00008bf8                __ssvfscanf_r
                0x00008bf8                __ssvfiscanf_r
 .text._scanf_chars
                0x00008fe2      0x140 /home/user/ti/msp430_gcc/bin/../lib/gcc/msp430-elf/5.3.0/../../../../msp430-elf/lib/large/libc.a(lib_a-nano-vfscanf_i.o)
                0x00008fe2                _scanf_chars
 .text._scanf_i
                0x00009122      0x310 /home/user/ti/msp430_gcc/bin/../lib/gcc/msp430-elf/5.3.0/../../../../msp430-elf/lib/large/libc.a(lib_a-nano-vfscanf_i.o)
                0x00009122                _scanf_i
 .text._sbrk_r  0x00009432       0x28 /home/user/ti/msp430_gcc/bin/../lib/gcc/msp430-elf/5.3.0/../../../../msp430-elf/lib/large/libc.a(lib_a-sbrkr.o)
                0x00009432                _sbrk_r
 .text.__sccl   0x0000945a       0xba /home/user/ti/msp430_gcc/bin/../lib/gcc/msp430-elf/5.3.0/../../../../msp430-elf/lib/large/libc.a(lib_a-sccl.o)
                0x0000945a                __sccl
 .text._strtol_r
                0x00009514      0x20a /home/user/ti/msp430_gcc/bin/../lib/gcc/msp430-elf/5.3.0/../../../../msp430-elf/lib/large/libc.a(lib_a-strtol.o)
                0x00009514                _strtol_r
 .text._strtoul_r
                0x0000971e      0x1e2 /home/user/ti/msp430_gcc/bin/../lib/gcc/msp430-elf/5.3.0/../../../../msp430-elf/lib/large/libc.a(lib_a-strtoul.o)
                0x0000971e                _strtoul_r
 .text.__submore
                0x00009900       0x98 /home/user/ti/msp430_gcc/bin/../lib/gcc/msp430-elf/5.3.0/../../../../msp430-elf/lib/large/libc.a(lib_a-ungetc.o)
                0x00009900                __submore
 .text.memchr   0x00009998       0x1c /home/user/ti/msp430_gcc/bin/../lib/gcc/msp430-elf/5.3.0/../../../../msp430-elf/lib/large/libc.a(lib_a-memchr.o)
                0x00009998                memchr
 .text._realloc_r
                0x000099b4       0x6c /home/user/ti/msp430_gcc/bin/../lib/gcc/msp430-elf/5.3.0/../../../../msp430-elf/lib/large/libc.a(lib_a-nano-reallocr.o)
                0x000099b4                _realloc_r
 .text._malloc_usable_size_r
                0x00009a20       0x32 /home/user/ti/msp430_gcc/bin/../lib/gcc/msp430-elf/5.3.0/../../../../msp430-elf/lib/large/libc.a(lib_a-nano-msizer.o)
                0x00009a20                _malloc_usable_size_r
 .text.exit     0x00009a52        0x4 /home/user/ti/msp430_gcc/bin/../lib/gcc/msp430-elf/5.3.0/../../../../msp430-elf/lib/large/libnosys.a(ciosyscalls.o)
                0x00009a52                _exit
 .text.getpid   0x00009a56        0x6 /home/user/ti/msp430_gcc/bin/../lib/gcc/msp430-elf/5.3.0/../../../../msp430-elf/lib/large/libnosys.a(ciosyscalls.o)
                0x00009a56                getpid
 .text.kill     0x00009a5c       0x10 /home/user/ti/msp430_gcc/bin/../lib/gcc/msp430-elf/5.3.0/../../../../msp430-elf/lib/large/libnosys.a(ciosyscalls.o)
                0x00009a5c                kill
 .text.write    0x00009a6c       0x88 /home/user/ti/msp430_gcc/bin/../lib/gcc/msp430-elf/5.3.0/../../../../msp430-elf/lib/large/libnosys.a(write.o)
                0x00009a6c                write
 .text._sbrk    0x00009af4       0x3e /home/user/ti/msp430_gcc/bin/../lib/gcc/msp430-elf/5.3.0/../../../../msp430-elf/lib/large/libnosys.a(sbrk.o)
                0x00009af4                _sbrk
                0x00009af4                sbrk
 .text          0x00009b32        0x4 /home/user/ti/msp430_gcc/bin/../lib/gcc/msp430-elf/5.3.0/../../../../msp430-elf/lib/large/libnosys.a(cio.o)
                0x00009b32                C$$IO$$
                0x00009b32                _libgloss_cio_hook
 .text.__errno  0x00009b36        0x6 /home/user/ti/msp430_gcc/bin/../lib/gcc/msp430-elf/5.3.0/../../../../msp430-elf/lib/large/libc.a(lib_a-errno.o)
                0x00009b36                __errno
 .text.memmove  0x00009b3c       0x56 /home/user/ti/msp430_gcc/bin/../lib/gcc/msp430-elf/5.3.0/../../../../msp430-elf/lib/large/libc.a(lib_a-memmove.o)
                0x00009b3c                memmove
 .text.__do_global_ctors_aux
                0x00009b92       0x1c /home/user/ti/msp430_gcc/bin/../lib/gcc/msp430-elf/5.3.0/large/crtend.o
 *(.text.*personality*)
 *(.gnu.warning)
 *(.interp .hash .dynsym .dynstr .gnu.version*)
                [!provide]                PROVIDE (__etext, .)
                [!provide]                PROVIDE (_etext, .)
                [!provide]                PROVIDE (etext, .)
                0x00009bae                . = ALIGN (0x2)
 *(.init)
 .init          0x00009bae        0x0 /home/user/ti/msp430_gcc/bin/../lib/gcc/msp430-elf/5.3.0/../../../../msp430-elf/lib/large/crt0.o
                0x00009bae                __msp430_init
 .init          0x00009bae        0x4 /home/user/ti/msp430_gcc/bin/../lib/gcc/msp430-elf/5.3.0/large/crtbegin.o
 .init          0x00009bb2        0x4 /home/user/ti/msp430_gcc/bin/../lib/gcc/msp430-elf/5.3.0/large/crtend.o
 .init          0x00009bb6        0xa /home/user/ti/msp430_gcc/bin/../lib/gcc/msp430-elf/5.3.0/../../../../msp430-elf/lib/large/crtn.o
                0x00009bc0                __msp430_init_end
 *(.fini)
 .fini          0x00009bc0        0x4 /home/user/ti/msp430_gcc/bin/../lib/gcc/msp430-elf/5.3.0/../../../../msp430-elf/lib/large/crt0.o
                0x00009bc0                __msp430_fini
 .fini          0x00009bc4        0x4 /home/user/ti/msp430_gcc/bin/../lib/gcc/msp430-elf/5.3.0/large/crtbegin.o
 .fini          0x00009bc8        0x2 /home/user/ti/msp430_gcc/bin/../lib/gcc/msp430-elf/5.3.0/../../../../msp430-elf/lib/large/crtn.o
                0x00009bca                __msp430_fini_end
 *(.tm_clone_table)
 *fill*         0x00009bca        0x2 
 .tm_clone_table
                0x00009bcc        0x0 /home/user/ti/msp430_gcc/bin/../lib/gcc/msp430-elf/5.3.0/large/crtbegin.o
 .tm_clone_table
                0x00009bcc        0x0 /home/user/ti/msp430_gcc/bin/../lib/gcc/msp430-elf/5.3.0/large/crtend.o
                0x00009bcc                __TMC_END__

.upper.text     0x00010000     0x9f8a
                0x00010000                . = ALIGN (0x2)
 *(.upper.text.* .upper.text)
 .either.text   0x00010000      0x29c app/main.o
                0x00010000                w_memcpy
                0x0001001e                w_memset
                0x00010038                __error_message
                0x0001016a                main
 .either.text   0x0001029c       0xbe hal/drivers.o
                0x0001029c                drivers_init
                0x000102cc                putchar
                0x000102de                getchar
                0x0001030e                gets
                0x00010332                puts
 .either.text   0x0001035a       0x90 hal/drivers/mcu.o
                0x0001035a                mcu_init
 .either.text   0x000103ea       0xe6 hal/drivers/leds.o
                0x000103ea                leds_init
                0x00010418                leds_get
                0x0001043a                leds_on
                0x0001046a                leds_set
                0x00010470                leds_off
                0x000104a0                leds_toggle
 .either.text   0x000104d0       0x92 hal/drivers/uart.o
                0x000104d0                acquireUART
                0x000104f2                releaseUART
                0x000104fc                uart_init
 .either.text   0x00010562       0xaa hal/drivers/spi.o
                0x00010562                spi_init
                0x000105a8                spi_write
                0x000105da                spi_read
 .either.text   0x0001060c      0x258 hal/HAL.o
                0x0001060c                TickTimerSetup
                0x00010634                OSRTCSetup
                0x00010638                SwitchContext
                0x00010774                CreateVirtualStack
 .either.text   0x00010864     0x1042 brtos/BRTOS.o
                0x00010864                Idle
                0x0001087a                OSGetTickCount
                0x0001089c                OSGetCount
                0x000108b6                OSIncCounter
                0x0001093e                OSDelayTask
                0x00010b62                OSDelayTaskHMSM
                0x00010cc8                OS_TICK_HANDLER
                0x00010e64                PreInstallTasks
                0x00010ee6                OSBlockPriority
                0x00010f72                OSUnBlockPriority
                0x00010fdc                OSBlockTask
                0x000110b0                OSUnBlockTask
                0x0001113c                OSBlockMultipleTask
                0x00011206                OSUnBlockMultipleTask
                0x000112d2                OSInstallTask
                0x00011570                initEvents
                0x000115aa                BRTOSInit
                0x000115b4                SAScheduler
                0x0001179e                OSSchedule
                0x000117ca                BRTOSStart
 .either.text   0x000118a6      0x836 brtos/mutex.o
                0x000118a6                OSMutexCreate
                0x0001198c                OSMutexDelete
                0x000119d0                OSMutexAcquire
                0x00011f62                OSMutexRelease
 .either.text   0x000120dc      0x70c brtos/OSInfo.o
                0x000120fa                PrintDecimal
                0x00012194                OSTaskList
                0x0001251c                OSAvailableMemory
                0x00012612                OSUptimeInfo
                0x00012702                OSCPULoad
 .either.text   0x000127e8      0x312 brtos/OSTime.o
                0x000127e8                OSUpdateTime
                0x00012848                OSUpdateUptime
                0x000128ae                OSUpdateDate
                0x0001290e                OSResetTime
                0x00012938                OSResetDate
                0x00012962                OSUptime
                0x00012978                OSUpDate
                0x0001298a                OSUpdateCalendar
                0x00012a76                GetCalendar
                0x00012aa0                SetCalendar
                0x00012ac8                Init_Calendar
 .either.text   0x00012afa      0x752 brtos/queue.o
                0x00012afa                OSQueueCreate
                0x00012c0e                OSWQueue
                0x00012c70                OSRQueue
                0x00012cc6                OSQueueClean
                0x00012cf2                OSQueuePend
                0x0001316a                OSQueuePost
 .either.text   0x0001324c      0x74e brtos/semaphore.o
                0x0001324c                OSSemCreate
                0x00013342                OSSemBinaryCreate
                0x00013464                OSSemDelete
                0x0001349c                OSSemPend
                0x000138d8                OSSemPost
 .either.text   0x0001399a      0x3c0 uNET/ieee802154.o
                0x00013a08                BitFieldGet
                0x00013a16                BitFieldSet
                0x00013a32                ieee802154_dest16_set
                0x00013a56                ieee802154_dest16_set_broadcast
                0x00013a5e                ieee802154_packet_length_get
                0x00013a64                ieee802154_packet_input
                0x00013c36                ieee802154_header_length_get
                0x00013c3a                ieee802154_header_set
                0x00013cbe                ieee802154_fcs_calc
 .either.text   0x00013d5a      0xc00 uNET/link.o
                0x00013d5a                link_packet_get
                0x00013d60                link_packet_create
                0x00013ef0                link_neighbor_table_init
                0x00013f9c                link_packet_create_association_request
                0x00013fca                link_packet_create_ack
                0x00013ffc                link_neighbor_symmetry_update
                0x0001411a                is_neighbor_parent
                0x00014138                link_is_symmetric_parent
                0x00014168                link_parent_switch
                0x00014362                link_parent_update
                0x00014392                link_node_distance_update
                0x00014398                link_neighbor_table_find
                0x0001445e                link_packet_process
                0x000145ac                link_set_neighbor_activity
                0x000146b4                link_set_neighbor_seqnum
                0x00014716                link_verify_neighbourhood
                0x00014800                link_neighbor_table_addr16_get
                0x0001485a                link_neighbor_table_count
                0x000148a0                link_packet_is_duplicated
                0x0001490a                link_seqnum_reset
 .either.text   0x0001495a      0x28c uNET/node.o
                0x0001495a                node_data_init
                0x0001496a                node_data_get_16b
                0x00014990                node_data_set_16b
                0x000149f4                node_data_get
                0x00014a00                node_data_set
                0x00014a68                node_pan_id64_get
                0x00014a6e                node_pan_id64_set
                0x00014abe                node_pan_id64_init
                0x00014ace                node_addr64_get
                0x00014ad4                node_addr64_set
                0x00014b24                node_addr64_init
                0x00014b34                node_seq_num_get_next
                0x00014b58                node_seq_num_get
                0x00014b60                node_addr64_print
 .either.text   0x00014be6      0x178 uNET/packet.o
                0x00014be6                packet_info_get
                0x00014bf2                packet_info_set
                0x00014c46                packet_print
                0x00014c92                packet_acquire_down
                0x00014cb6                packet_release_down
                0x00014cc6                packet_acquire_up
                0x00014d3e                packet_release_up
                0x00014d4e                packet_state_down
                0x00014d56                packet_state_up
 .either.text   0x00014d5e      0x2f2 uNET/transport.o
                0x00014d5e                IncludeServerClient
                0x00014d90                RemoveServerClient
                0x00014df2                unet_connect
                0x00014e0e                unet_listen
                0x00014e14                unet_close
                0x00014e2c                unet_recv
                0x00014e7a                unet_send
 .either.text   0x00015050      0x336 uNET/trickle.o
                0x00015050                form_seed
                0x0001506e                open_trickle
                0x00015130                run_trickle
                0x00015334                reset_trickle
                0x0001535e                is_trickle_reseted
 .either.text   0x00015386     0x1022 uNET/unet_core.o
                0x0001543c                UNET_Link_Task
                0x000155b4                UNET_Radio_Task
                0x000157c6                UNET_Router_Down_Task
                0x00015a56                UNET_Router_Down_Ack_Task
                0x00015cec                UNET_Router_Up_Task
                0x00015f0e                UNET_Router_Up_Ack_Task
                0x000160de                GetUNET_Statistics
                0x000160f0                RadioReset
                0x00016176                UNET_Init
                0x00016398                neighbourhood_callback
                0x000163a6                BRTOS_TimerHook
 .either.text   0x000163a8      0xbfa uNET/unet_router.o
                0x000163a8                unet_rtable_up_get
                0x000163ae                packet_type_toindex
                0x000163ca                next_header_toindex
                0x00016418                unet_header_print
                0x00016584                unet_header_set
                0x000165ca                unet_router_up_table_clear
                0x00016614                unet_router_up_table_entry_find
                0x0001664a                unet_router_up_table_entry_add
                0x000167c6                unet_router_up_table_entry_get
                0x0001683c                unet_router_up
                0x000168ae                unet_packet_up_sendto
                0x00016924                unet_router_down
                0x00016988                unet_packet_down_send
                0x000169fe                unet_router_adv
                0x00016a7a                unet_packet_output
                0x00016bfc                unet_packet_input
 .either.text   0x00016fa2      0x27a uNET/pcg-rand/pcg_basic.o
                0x00016fa2                pcg32_random_r
                0x000170aa                pcg32_srandom_r
                0x00017172                pcg32_srandom
                0x000171ac                pcg32_random
                0x000171b6                pcg32_boundedrand_r
                0x000171f6                pcg32_boundedrand
                0x00017204                pcg32_state
 .either.text   0x0001721c     0x16e2 uNET/radio/cc2520/cc2520.o
                0x0001721c                _isr
                0x00017224                clock_delay_usec
                0x00017226                clock_delay
                0x00017364                cc2520_get
                0x00017a1e                cc2520_set_channel
                0x00017a98                cc2520_set_pan_addr
                0x00017c80                cc2520_set_tx_power
                0x00017c8c                cc2520_set
                0x0001819e                splhigh_
                0x000181a6                cc2520_init
                0x0001836a                cc2520_prepare
                0x00018496                cc2520_transmit
                0x000185e8                cc2520_write
                0x00018666                cc2520_get_rxfifo
                0x000188e8                cc2520_read
 .either.text   0x000188fe      0x49a app/tasks.o
                0x000188fe                System_Time
                0x00018940                Task_Serial
                0x00018a10                pisca_led_net
                0x00018c80                UNET_App_1_Decode
                0x00018d6e                Terminal_Task
 .either.text   0x00018d98      0x1e0 app/terminal/terminal.o
                0x00018d98                cmd_help
                0x00018d9c                terminal_set_input
                0x00018da2                terminal_input
                0x00018e22                terminal_process
 .either.text   0x00018f78      0x120 app/app.o
                0x00018f78                NetGeneralONOFF
                0x00019096                Decode_General_Profile
 .either.text   0x00019098      0x894 app/terminal_commands.o
                0x00019098                terminal_newline
                0x000190ae                packet_state_to_string
                0x000190c0                cmd_ver
                0x000190e0                cmd_top
                0x0001912c                cmd_runst
                0x00019130                cmd_netst
                0x0001931e                cmd_netaddr
                0x0001935a                cmd_netnt
                0x0001942a                cmd_netrt
                0x000194a6                cmd_netrx
                0x00019584                cmd_nettx
                0x000196fc                cmd_netsd
                0x0001979a                cmd_netch
                0x00019802                cmd_netpl
                0x0001986c                cmd_nettst
                0x00019870                cmd_netdbv
 .either.text   0x0001992c      0x65e lib/stdio.o
                0x00019d38                printf
                0x00019f3c                sprintf_lib
                0x00019f5a                snprintf_lib
                0x00019f78                printf_lib

.infoA

.infoB

.infoC

.infoD

.upper          0x00004d3e        0x0
 *(.upper.bss.* .upper.bss)
 *(.upper.data.* .upper.data)
                0x00000001                ASSERT ((SIZEOF (.upper) == 0x0), This MCU does not support placing read/write data into high memory)

.MSP430.attributes
                0x00000000       0x17
 *(.MSP430.attributes)
 .MSP430.attributes
                0x00000000       0x17 /home/user/ti/msp430_gcc/bin/../lib/gcc/msp430-elf/5.3.0/../../../../msp430-elf/lib/large/crt0.o
 .MSP430.attributes
                0x00000017       0x17 /home/user/ti/msp430_gcc/bin/../lib/gcc/msp430-elf/5.3.0/large/crtbegin.o
 .MSP430.attributes
                0x0000002e       0x17 app/main.o
 .MSP430.attributes
                0x00000045       0x17 hal/drivers.o
 .MSP430.attributes
                0x0000005c       0x17 hal/drivers/mcu.o
 .MSP430.attributes
                0x00000073       0x17 hal/drivers/leds.o
 .MSP430.attributes
                0x0000008a       0x17 hal/drivers/uart.o
 .MSP430.attributes
                0x000000a1       0x17 hal/drivers/spi.o
 .MSP430.attributes
                0x000000b8       0x17 hal/HAL.o
 .MSP430.attributes
                0x000000cf       0x17 cooja/cooja.o
 .MSP430.attributes
                0x000000e6       0x17 brtos/BRTOS.o
 .MSP430.attributes
                0x000000fd       0x17 brtos/mbox.o
 .MSP430.attributes
                0x00000114       0x17 brtos/mutex.o
 .MSP430.attributes
                0x0000012b       0x17 brtos/OSInfo.o
 .MSP430.attributes
                0x00000142       0x17 brtos/OSTime.o
 .MSP430.attributes
                0x00000159       0x17 brtos/queue.o
 .MSP430.attributes
                0x00000170       0x17 brtos/semaphore.o
 .MSP430.attributes
                0x00000187       0x17 brtos/stimer.o
 .MSP430.attributes
                0x0000019e       0x17 uNET/ieee802154.o
 .MSP430.attributes
                0x000001b5       0x17 uNET/link.o
 .MSP430.attributes
                0x000001cc       0x17 uNET/node.o
 .MSP430.attributes
                0x000001e3       0x17 uNET/packet.o
 .MSP430.attributes
                0x000001fa       0x17 uNET/transport.o
 .MSP430.attributes
                0x00000211       0x17 uNET/trickle.o
 .MSP430.attributes
                0x00000228       0x17 uNET/unet_core.o
 .MSP430.attributes
                0x0000023f       0x17 uNET/unet_router.o
 .MSP430.attributes
                0x00000256       0x17 uNET/pcg-rand/pcg_basic.o
 .MSP430.attributes
                0x0000026d       0x17 uNET/radio/cc2520/cc2520.o
 .MSP430.attributes
                0x00000284       0x17 uNET/radio/radio_null.o
 .MSP430.attributes
                0x0000029b       0x17 app/tasks.o
 .MSP430.attributes
                0x000002b2       0x17 app/terminal/terminal.o
 .MSP430.attributes
                0x000002c9       0x17 app/app.o
 .MSP430.attributes
                0x000002e0       0x17 app/terminal_commands.o
 .MSP430.attributes
                0x000002f7       0x17 app/tests.o
 .MSP430.attributes
                0x0000030e       0x17 lib/stdio.o
 .MSP430.attributes
                0x00000325       0x17 debug/debugdco.o
 .MSP430.attributes
                0x0000033c       0x17 /home/user/ti/msp430_gcc/bin/../lib/gcc/msp430-elf/5.3.0/large/libgcc.a(_muldi3.o)
 .MSP430.attributes
                0x00000353       0x17 /home/user/ti/msp430_gcc/bin/../lib/gcc/msp430-elf/5.3.0/large/libgcc.a(_lshrdi3.o)
 .MSP430.attributes
                0x0000036a       0x17 /home/user/ti/msp430_gcc/bin/../lib/gcc/msp430-elf/5.3.0/large/libgcc.a(_ashldi3.o)
 .MSP430.attributes
                0x00000381       0x17 /home/user/ti/msp430_gcc/bin/../lib/gcc/msp430-elf/5.3.0/large/libgcc.a(_umoddi3.o)
 .MSP430.attributes
                0x00000398       0x17 /home/user/ti/msp430_gcc/bin/../lib/gcc/msp430-elf/5.3.0/large/libgcc.a(lib2divHI.o)
 .MSP430.attributes
                0x000003af       0x17 /home/user/ti/msp430_gcc/bin/../lib/gcc/msp430-elf/5.3.0/large/libgcc.a(lib2divSI.o)
 .MSP430.attributes
                0x000003c6       0x17 /home/user/ti/msp430_gcc/bin/../lib/gcc/msp430-elf/5.3.0/large/libgcc.a(slli.o)
 .MSP430.attributes
                0x000003dd       0x17 /home/user/ti/msp430_gcc/bin/../lib/gcc/msp430-elf/5.3.0/large/libgcc.a(srai.o)
 .MSP430.attributes
                0x000003f4       0x17 /home/user/ti/msp430_gcc/bin/../lib/gcc/msp430-elf/5.3.0/large/libgcc.a(srli.o)
 .MSP430.attributes
                0x0000040b       0x17 /home/user/ti/msp430_gcc/bin/../lib/gcc/msp430-elf/5.3.0/large/libgcc.a(_clzdi2.o)
 .MSP430.attributes
                0x00000422       0x17 /home/user/ti/msp430_gcc/bin/../lib/gcc/msp430-elf/5.3.0/large/libgcc.a(_udivdi3.o)
 .MSP430.attributes
                0x00000439       0x17 /home/user/ti/msp430_gcc/bin/../lib/gcc/msp430-elf/5.3.0/large/libgcc.a(_clz.o)
 .MSP430.attributes
                0x00000450       0x17 /home/user/ti/msp430_gcc/bin/../lib/gcc/msp430-elf/5.3.0/large/libmul_f5.a(lib2hw_mul_f5.o)
 .MSP430.attributes
                0x00000467       0x17 /home/user/ti/msp430_gcc/bin/../lib/gcc/msp430-elf/5.3.0/../../../../msp430-elf/lib/large/libc.a(lib_a-abort.o)
 .MSP430.attributes
                0x0000047e       0x17 /home/user/ti/msp430_gcc/bin/../lib/gcc/msp430-elf/5.3.0/../../../../msp430-elf/lib/large/libc.a(lib_a-exit.o)
 .MSP430.attributes
                0x00000495       0x17 /home/user/ti/msp430_gcc/bin/../lib/gcc/msp430-elf/5.3.0/../../../../msp430-elf/lib/large/libc.a(lib_a-impure.o)
 .MSP430.attributes
                0x000004ac       0x17 /home/user/ti/msp430_gcc/bin/../lib/gcc/msp430-elf/5.3.0/../../../../msp430-elf/lib/large/libc.a(lib_a-memcmp.o)
 .MSP430.attributes
                0x000004c3       0x17 /home/user/ti/msp430_gcc/bin/../lib/gcc/msp430-elf/5.3.0/../../../../msp430-elf/lib/large/libc.a(lib_a-memcpy.o)
 .MSP430.attributes
                0x000004da       0x17 /home/user/ti/msp430_gcc/bin/../lib/gcc/msp430-elf/5.3.0/../../../../msp430-elf/lib/large/libc.a(lib_a-memset.o)
 .MSP430.attributes
                0x000004f1       0x17 /home/user/ti/msp430_gcc/bin/../lib/gcc/msp430-elf/5.3.0/../../../../msp430-elf/lib/large/libc.a(lib_a-signal.o)
 .MSP430.attributes
                0x00000508       0x17 /home/user/ti/msp430_gcc/bin/../lib/gcc/msp430-elf/5.3.0/../../../../msp430-elf/lib/large/libc.a(lib_a-signalr.o)
 .MSP430.attributes
                0x0000051f       0x17 /home/user/ti/msp430_gcc/bin/../lib/gcc/msp430-elf/5.3.0/../../../../msp430-elf/lib/large/libc.a(lib_a-sscanf.o)
 .MSP430.attributes
                0x00000536       0x17 /home/user/ti/msp430_gcc/bin/../lib/gcc/msp430-elf/5.3.0/../../../../msp430-elf/lib/large/libc.a(lib_a-stdio.o)
 .MSP430.attributes
                0x0000054d       0x17 /home/user/ti/msp430_gcc/bin/../lib/gcc/msp430-elf/5.3.0/../../../../msp430-elf/lib/large/libc.a(lib_a-strchr.o)
 .MSP430.attributes
                0x00000564       0x17 /home/user/ti/msp430_gcc/bin/../lib/gcc/msp430-elf/5.3.0/../../../../msp430-elf/lib/large/libc.a(lib_a-strcmp.o)
 .MSP430.attributes
                0x0000057b       0x17 /home/user/ti/msp430_gcc/bin/../lib/gcc/msp430-elf/5.3.0/../../../../msp430-elf/lib/large/libc.a(lib_a-strlen.o)
 .MSP430.attributes
                0x00000592       0x17 /home/user/ti/msp430_gcc/bin/../lib/gcc/msp430-elf/5.3.0/../../../../msp430-elf/lib/large/libc.a(lib_a-strncpy.o)
 .MSP430.attributes
                0x000005a9       0x17 /home/user/ti/msp430_gcc/bin/../lib/gcc/msp430-elf/5.3.0/../../../../msp430-elf/lib/large/libc.a(lib_a-strtok.o)
 .MSP430.attributes
                0x000005c0       0x17 /home/user/ti/msp430_gcc/bin/../lib/gcc/msp430-elf/5.3.0/../../../../msp430-elf/lib/large/libc.a(lib_a-strtok_r.o)
 .MSP430.attributes
                0x000005d7       0x17 /home/user/ti/msp430_gcc/bin/../lib/gcc/msp430-elf/5.3.0/../../../../msp430-elf/lib/large/libc.a(lib_a-writer.o)
 .MSP430.attributes
                0x000005ee       0x17 /home/user/ti/msp430_gcc/bin/../lib/gcc/msp430-elf/5.3.0/../../../../msp430-elf/lib/large/libc.a(lib_a-__call_atexit.o)
 .MSP430.attributes
                0x00000605       0x17 /home/user/ti/msp430_gcc/bin/../lib/gcc/msp430-elf/5.3.0/../../../../msp430-elf/lib/large/libc.a(lib_a-closer.o)
 .MSP430.attributes
                0x0000061c       0x17 /home/user/ti/msp430_gcc/bin/../lib/gcc/msp430-elf/5.3.0/../../../../msp430-elf/lib/large/libc.a(lib_a-lseekr.o)
 .MSP430.attributes
                0x00000633       0x17 /home/user/ti/msp430_gcc/bin/../lib/gcc/msp430-elf/5.3.0/../../../../msp430-elf/lib/large/libc.a(lib_a-malloc.o)
 .MSP430.attributes
                0x0000064a       0x17 /home/user/ti/msp430_gcc/bin/../lib/gcc/msp430-elf/5.3.0/../../../../msp430-elf/lib/large/libc.a(lib_a-nano-freer.o)
 .MSP430.attributes
                0x00000661       0x17 /home/user/ti/msp430_gcc/bin/../lib/gcc/msp430-elf/5.3.0/../../../../msp430-elf/lib/large/libc.a(lib_a-nano-mallocr.o)
 .MSP430.attributes
                0x00000678       0x17 /home/user/ti/msp430_gcc/bin/../lib/gcc/msp430-elf/5.3.0/../../../../msp430-elf/lib/large/libc.a(lib_a-nano-svfscanf.o)
 .MSP430.attributes
                0x0000068f       0x17 /home/user/ti/msp430_gcc/bin/../lib/gcc/msp430-elf/5.3.0/../../../../msp430-elf/lib/large/libc.a(lib_a-nano-vfscanf_i.o)
 .MSP430.attributes
                0x000006a6       0x17 /home/user/ti/msp430_gcc/bin/../lib/gcc/msp430-elf/5.3.0/../../../../msp430-elf/lib/large/libc.a(lib_a-readr.o)
 .MSP430.attributes
                0x000006bd       0x17 /home/user/ti/msp430_gcc/bin/../lib/gcc/msp430-elf/5.3.0/../../../../msp430-elf/lib/large/libc.a(lib_a-reent.o)
 .MSP430.attributes
                0x000006d4       0x17 /home/user/ti/msp430_gcc/bin/../lib/gcc/msp430-elf/5.3.0/../../../../msp430-elf/lib/large/libc.a(lib_a-sbrkr.o)
 .MSP430.attributes
                0x000006eb       0x17 /home/user/ti/msp430_gcc/bin/../lib/gcc/msp430-elf/5.3.0/../../../../msp430-elf/lib/large/libc.a(lib_a-sccl.o)
 .MSP430.attributes
                0x00000702       0x17 /home/user/ti/msp430_gcc/bin/../lib/gcc/msp430-elf/5.3.0/../../../../msp430-elf/lib/large/libc.a(lib_a-strtol.o)
 .MSP430.attributes
                0x00000719       0x17 /home/user/ti/msp430_gcc/bin/../lib/gcc/msp430-elf/5.3.0/../../../../msp430-elf/lib/large/libc.a(lib_a-strtoul.o)
 .MSP430.attributes
                0x00000730       0x17 /home/user/ti/msp430_gcc/bin/../lib/gcc/msp430-elf/5.3.0/../../../../msp430-elf/lib/large/libc.a(lib_a-ungetc.o)
 .MSP430.attributes
                0x00000747       0x17 /home/user/ti/msp430_gcc/bin/../lib/gcc/msp430-elf/5.3.0/../../../../msp430-elf/lib/large/libc.a(lib_a-ctype_.o)
 .MSP430.attributes
                0x0000075e       0x17 /home/user/ti/msp430_gcc/bin/../lib/gcc/msp430-elf/5.3.0/../../../../msp430-elf/lib/large/libc.a(lib_a-fflush.o)
 .MSP430.attributes
                0x00000775       0x17 /home/user/ti/msp430_gcc/bin/../lib/gcc/msp430-elf/5.3.0/../../../../msp430-elf/lib/large/libc.a(lib_a-findfp.o)
 .MSP430.attributes
                0x0000078c       0x17 /home/user/ti/msp430_gcc/bin/../lib/gcc/msp430-elf/5.3.0/../../../../msp430-elf/lib/large/libc.a(lib_a-fwalk.o)
 .MSP430.attributes
                0x000007a3       0x17 /home/user/ti/msp430_gcc/bin/../lib/gcc/msp430-elf/5.3.0/../../../../msp430-elf/lib/large/libc.a(lib_a-memchr.o)
 .MSP430.attributes
                0x000007ba       0x17 /home/user/ti/msp430_gcc/bin/../lib/gcc/msp430-elf/5.3.0/../../../../msp430-elf/lib/large/libc.a(lib_a-nano-reallocr.o)
 .MSP430.attributes
                0x000007d1       0x17 /home/user/ti/msp430_gcc/bin/../lib/gcc/msp430-elf/5.3.0/../../../../msp430-elf/lib/large/libc.a(lib_a-fclose.o)
 .MSP430.attributes
                0x000007e8       0x17 /home/user/ti/msp430_gcc/bin/../lib/gcc/msp430-elf/5.3.0/../../../../msp430-elf/lib/large/libc.a(lib_a-nano-msizer.o)
 .MSP430.attributes
                0x000007ff       0x17 /home/user/ti/msp430_gcc/bin/../lib/gcc/msp430-elf/5.3.0/../../../../msp430-elf/lib/large/libcrt.a(crt_bss.o)
 .MSP430.attributes
                0x00000816       0x17 /home/user/ti/msp430_gcc/bin/../lib/gcc/msp430-elf/5.3.0/../../../../msp430-elf/lib/large/libcrt.a(crt_movedata.o)
 .MSP430.attributes
                0x0000082d       0x17 /home/user/ti/msp430_gcc/bin/../lib/gcc/msp430-elf/5.3.0/../../../../msp430-elf/lib/large/libcrt.a(crt_main.o)
 .MSP430.attributes
                0x00000844       0x17 /home/user/ti/msp430_gcc/bin/../lib/gcc/msp430-elf/5.3.0/../../../../msp430-elf/lib/large/libcrt.a(crt_callexit.o)
 .MSP430.attributes
                0x0000085b       0x17 /home/user/ti/msp430_gcc/bin/../lib/gcc/msp430-elf/5.3.0/../../../../msp430-elf/lib/large/libnosys.a(ciosyscalls.o)
 .MSP430.attributes
                0x00000872       0x17 /home/user/ti/msp430_gcc/bin/../lib/gcc/msp430-elf/5.3.0/../../../../msp430-elf/lib/large/libnosys.a(write.o)
 .MSP430.attributes
                0x00000889       0x17 /home/user/ti/msp430_gcc/bin/../lib/gcc/msp430-elf/5.3.0/../../../../msp430-elf/lib/large/libnosys.a(sbrk.o)
 .MSP430.attributes
                0x000008a0       0x17 /home/user/ti/msp430_gcc/bin/../lib/gcc/msp430-elf/5.3.0/../../../../msp430-elf/lib/large/libnosys.a(cio.o)
 .MSP430.attributes
                0x000008b7       0x17 /home/user/ti/msp430_gcc/bin/../lib/gcc/msp430-elf/5.3.0/../../../../msp430-elf/lib/large/libc.a(lib_a-errno.o)
 .MSP430.attributes
                0x000008ce       0x17 /home/user/ti/msp430_gcc/bin/../lib/gcc/msp430-elf/5.3.0/../../../../msp430-elf/lib/large/libc.a(lib_a-memmove.o)
 .MSP430.attributes
                0x000008e5       0x17 /home/user/ti/msp430_gcc/bin/../lib/gcc/msp430-elf/5.3.0/large/crtend.o
 .MSP430.attributes
                0x000008fc       0x17 /home/user/ti/msp430_gcc/bin/../lib/gcc/msp430-elf/5.3.0/../../../../msp430-elf/lib/large/crtn.o
 *(.gnu.attributes)
 *(__TI_build_attributes)

.stab           0x00000000    0x17bb0
 *(.stab)
 .stab          0x00000000     0x1164 app/main.o
 .stab          0x00001164      0x684 hal/drivers.o
                                0xa80 (size before relaxing)
 .stab          0x000017e8      0x360 hal/drivers/mcu.o
                                0xa5c (size before relaxing)
 .stab          0x00001b48      0x3f0 hal/drivers/leds.o
                                0x438 (size before relaxing)
 .stab          0x00001f38      0x3e4 hal/drivers/uart.o
                                0x7e0 (size before relaxing)
 .stab          0x0000231c      0x3a8 hal/drivers/spi.o
                                0x3f0 (size before relaxing)
 .stab          0x000026c4      0x714 hal/HAL.o
                                0xe1c (size before relaxing)
 .stab          0x00002dd8      0x174 cooja/cooja.o
                                0x180 (size before relaxing)
 .stab          0x00002f4c     0x1800 brtos/BRTOS.o
                               0x1bfc (size before relaxing)
 .stab          0x0000474c      0x198 brtos/mbox.o
                                0x594 (size before relaxing)
 .stab          0x000048e4      0x8e8 brtos/mutex.o
                                0xce4 (size before relaxing)
 .stab          0x000051cc      0xabc brtos/OSInfo.o
                                0xeb8 (size before relaxing)
 .stab          0x00005c88      0x9e4 brtos/OSTime.o
                                0xde0 (size before relaxing)
 .stab          0x0000666c      0xb58 brtos/queue.o
                                0xf54 (size before relaxing)
 .stab          0x000071c4      0xa08 brtos/semaphore.o
                                0xe04 (size before relaxing)
 .stab          0x00007bcc      0xf3c brtos/stimer.o
                               0x1338 (size before relaxing)
 .stab          0x00008b08      0xdd4 uNET/ieee802154.o
                               0x12d8 (size before relaxing)
 .stab          0x000098dc     0x150c uNET/link.o
                               0x1c50 (size before relaxing)
 .stab          0x0000ade8      0x864 uNET/node.o
                               0x1038 (size before relaxing)
 .stab          0x0000b64c      0x624 uNET/packet.o
                                0xb88 (size before relaxing)
 .stab          0x0000bc70      0x870 uNET/transport.o
                               0x1068 (size before relaxing)
 .stab          0x0000c4e0      0x5c4 uNET/trickle.o
                                0xb88 (size before relaxing)
 .stab          0x0000caa4     0x15a8 uNET/unet_core.o
                               0x1ed8 (size before relaxing)
 .stab          0x0000e04c     0x1290 uNET/unet_router.o
                               0x1ba8 (size before relaxing)
 .stab          0x0000f2dc      0x48c uNET/pcg-rand/pcg_basic.o
                                0x714 (size before relaxing)
 .stab          0x0000f768     0x2250 uNET/radio/cc2520/cc2520.o
                               0x282c (size before relaxing)
 .stab          0x000119b8      0x864 uNET/radio/radio_null.o
                                0xeac (size before relaxing)
 .stab          0x0001221c      0x9b4 app/tasks.o
                               0x126c (size before relaxing)
 .stab          0x00012bd0      0x684 app/terminal/terminal.o
                                0x9f0 (size before relaxing)
 .stab          0x00013254      0x474 app/app.o
                                0xd80 (size before relaxing)
 .stab          0x000136c8     0x12f0 app/terminal_commands.o
                               0x1b78 (size before relaxing)
 .stab          0x000149b8     0x219c app/tests.o
                               0x2afc (size before relaxing)
 .stab          0x00016b54      0xf48 lib/stdio.o
                               0x1518 (size before relaxing)
 .stab          0x00017a9c      0x114 debug/debugdco.o
                                0x120 (size before relaxing)

.stabstr        0x00000000    0x11d30
 *(.stabstr)
 .stabstr       0x00000000    0x11d30 app/main.o

.stab.excl
 *(.stab.excl)

.stab.exclstr
 *(.stab.exclstr)

.stab.index
 *(.stab.index)

.stab.indexstr
 *(.stab.indexstr)

.comment        0x00000000       0x41
 *(.comment)
 .comment       0x00000000       0x41 /home/user/ti/msp430_gcc/bin/../lib/gcc/msp430-elf/5.3.0/large/crtbegin.o
                                 0x42 (size before relaxing)
 .comment       0x00000041       0x42 app/main.o
 .comment       0x00000041       0x42 hal/drivers.o
 .comment       0x00000041       0x42 hal/drivers/mcu.o
 .comment       0x00000041       0x42 hal/drivers/leds.o
 .comment       0x00000041       0x42 hal/drivers/uart.o
 .comment       0x00000041       0x42 hal/drivers/spi.o
 .comment       0x00000041       0x42 hal/HAL.o
 .comment       0x00000041       0x42 cooja/cooja.o
 .comment       0x00000041       0x42 brtos/BRTOS.o
 .comment       0x00000041       0x42 brtos/mbox.o
 .comment       0x00000041       0x42 brtos/mutex.o
 .comment       0x00000041       0x42 brtos/OSInfo.o
 .comment       0x00000041       0x42 brtos/OSTime.o
 .comment       0x00000041       0x42 brtos/queue.o
 .comment       0x00000041       0x42 brtos/semaphore.o
 .comment       0x00000041       0x42 brtos/stimer.o
 .comment       0x00000041       0x42 uNET/ieee802154.o
 .comment       0x00000041       0x42 uNET/link.o
 .comment       0x00000041       0x42 uNET/node.o
 .comment       0x00000041       0x42 uNET/packet.o
 .comment       0x00000041       0x42 uNET/transport.o
 .comment       0x00000041       0x42 uNET/trickle.o
 .comment       0x00000041       0x42 uNET/unet_core.o
 .comment       0x00000041       0x42 uNET/unet_router.o
 .comment       0x00000041       0x42 uNET/pcg-rand/pcg_basic.o
 .comment       0x00000041       0x42 uNET/radio/cc2520/cc2520.o
 .comment       0x00000041       0x42 uNET/radio/radio_null.o
 .comment       0x00000041       0x42 app/tasks.o
 .comment       0x00000041       0x42 app/terminal/terminal.o
 .comment       0x00000041       0x42 app/app.o
 .comment       0x00000041       0x42 app/terminal_commands.o
 .comment       0x00000041       0x42 app/tests.o
 .comment       0x00000041       0x42 lib/stdio.o
 .comment       0x00000041       0x42 debug/debugdco.o
 .comment       0x00000041       0x42 /home/user/ti/msp430_gcc/bin/../lib/gcc/msp430-elf/5.3.0/large/libgcc.a(_muldi3.o)
 .comment       0x00000041       0x42 /home/user/ti/msp430_gcc/bin/../lib/gcc/msp430-elf/5.3.0/large/libgcc.a(_lshrdi3.o)
 .comment       0x00000041       0x42 /home/user/ti/msp430_gcc/bin/../lib/gcc/msp430-elf/5.3.0/large/libgcc.a(_ashldi3.o)
 .comment       0x00000041       0x42 /home/user/ti/msp430_gcc/bin/../lib/gcc/msp430-elf/5.3.0/large/libgcc.a(_umoddi3.o)
 .comment       0x00000041       0x42 /home/user/ti/msp430_gcc/bin/../lib/gcc/msp430-elf/5.3.0/large/libgcc.a(lib2divHI.o)
 .comment       0x00000041       0x42 /home/user/ti/msp430_gcc/bin/../lib/gcc/msp430-elf/5.3.0/large/libgcc.a(lib2divSI.o)
 .comment       0x00000041       0x42 /home/user/ti/msp430_gcc/bin/../lib/gcc/msp430-elf/5.3.0/large/libgcc.a(_clzdi2.o)
 .comment       0x00000041       0x42 /home/user/ti/msp430_gcc/bin/../lib/gcc/msp430-elf/5.3.0/large/libgcc.a(_udivdi3.o)
 .comment       0x00000041       0x42 /home/user/ti/msp430_gcc/bin/../lib/gcc/msp430-elf/5.3.0/large/libgcc.a(_clz.o)
 .comment       0x00000041       0x42 /home/user/ti/msp430_gcc/bin/../lib/gcc/msp430-elf/5.3.0/../../../../msp430-elf/lib/large/libc.a(lib_a-abort.o)
 .comment       0x00000041       0x42 /home/user/ti/msp430_gcc/bin/../lib/gcc/msp430-elf/5.3.0/../../../../msp430-elf/lib/large/libc.a(lib_a-exit.o)
 .comment       0x00000041       0x42 /home/user/ti/msp430_gcc/bin/../lib/gcc/msp430-elf/5.3.0/../../../../msp430-elf/lib/large/libc.a(lib_a-impure.o)
 .comment       0x00000041       0x42 /home/user/ti/msp430_gcc/bin/../lib/gcc/msp430-elf/5.3.0/../../../../msp430-elf/lib/large/libc.a(lib_a-memcmp.o)
 .comment       0x00000041       0x42 /home/user/ti/msp430_gcc/bin/../lib/gcc/msp430-elf/5.3.0/../../../../msp430-elf/lib/large/libc.a(lib_a-memcpy.o)
 .comment       0x00000041       0x42 /home/user/ti/msp430_gcc/bin/../lib/gcc/msp430-elf/5.3.0/../../../../msp430-elf/lib/large/libc.a(lib_a-memset.o)
 .comment       0x00000041       0x42 /home/user/ti/msp430_gcc/bin/../lib/gcc/msp430-elf/5.3.0/../../../../msp430-elf/lib/large/libc.a(lib_a-signal.o)
 .comment       0x00000041       0x42 /home/user/ti/msp430_gcc/bin/../lib/gcc/msp430-elf/5.3.0/../../../../msp430-elf/lib/large/libc.a(lib_a-signalr.o)
 .comment       0x00000041       0x42 /home/user/ti/msp430_gcc/bin/../lib/gcc/msp430-elf/5.3.0/../../../../msp430-elf/lib/large/libc.a(lib_a-sscanf.o)
 .comment       0x00000041       0x42 /home/user/ti/msp430_gcc/bin/../lib/gcc/msp430-elf/5.3.0/../../../../msp430-elf/lib/large/libc.a(lib_a-stdio.o)
 .comment       0x00000041       0x42 /home/user/ti/msp430_gcc/bin/../lib/gcc/msp430-elf/5.3.0/../../../../msp430-elf/lib/large/libc.a(lib_a-strchr.o)
 .comment       0x00000041       0x42 /home/user/ti/msp430_gcc/bin/../lib/gcc/msp430-elf/5.3.0/../../../../msp430-elf/lib/large/libc.a(lib_a-strcmp.o)
 .comment       0x00000041       0x42 /home/user/ti/msp430_gcc/bin/../lib/gcc/msp430-elf/5.3.0/../../../../msp430-elf/lib/large/libc.a(lib_a-strlen.o)
 .comment       0x00000041       0x42 /home/user/ti/msp430_gcc/bin/../lib/gcc/msp430-elf/5.3.0/../../../../msp430-elf/lib/large/libc.a(lib_a-strncpy.o)
 .comment       0x00000041       0x42 /home/user/ti/msp430_gcc/bin/../lib/gcc/msp430-elf/5.3.0/../../../../msp430-elf/lib/large/libc.a(lib_a-strtok.o)
 .comment       0x00000041       0x42 /home/user/ti/msp430_gcc/bin/../lib/gcc/msp430-elf/5.3.0/../../../../msp430-elf/lib/large/libc.a(lib_a-strtok_r.o)
 .comment       0x00000041       0x42 /home/user/ti/msp430_gcc/bin/../lib/gcc/msp430-elf/5.3.0/../../../../msp430-elf/lib/large/libc.a(lib_a-writer.o)
 .comment       0x00000041       0x42 /home/user/ti/msp430_gcc/bin/../lib/gcc/msp430-elf/5.3.0/../../../../msp430-elf/lib/large/libc.a(lib_a-__call_atexit.o)
 .comment       0x00000041       0x42 /home/user/ti/msp430_gcc/bin/../lib/gcc/msp430-elf/5.3.0/../../../../msp430-elf/lib/large/libc.a(lib_a-closer.o)
 .comment       0x00000041       0x42 /home/user/ti/msp430_gcc/bin/../lib/gcc/msp430-elf/5.3.0/../../../../msp430-elf/lib/large/libc.a(lib_a-lseekr.o)
 .comment       0x00000041       0x42 /home/user/ti/msp430_gcc/bin/../lib/gcc/msp430-elf/5.3.0/../../../../msp430-elf/lib/large/libc.a(lib_a-malloc.o)
 .comment       0x00000041       0x42 /home/user/ti/msp430_gcc/bin/../lib/gcc/msp430-elf/5.3.0/../../../../msp430-elf/lib/large/libc.a(lib_a-nano-freer.o)
 .comment       0x00000041       0x42 /home/user/ti/msp430_gcc/bin/../lib/gcc/msp430-elf/5.3.0/../../../../msp430-elf/lib/large/libc.a(lib_a-nano-mallocr.o)
 .comment       0x00000041       0x42 /home/user/ti/msp430_gcc/bin/../lib/gcc/msp430-elf/5.3.0/../../../../msp430-elf/lib/large/libc.a(lib_a-nano-svfscanf.o)
 .comment       0x00000041       0x42 /home/user/ti/msp430_gcc/bin/../lib/gcc/msp430-elf/5.3.0/../../../../msp430-elf/lib/large/libc.a(lib_a-nano-vfscanf_i.o)
 .comment       0x00000041       0x42 /home/user/ti/msp430_gcc/bin/../lib/gcc/msp430-elf/5.3.0/../../../../msp430-elf/lib/large/libc.a(lib_a-readr.o)
 .comment       0x00000041       0x42 /home/user/ti/msp430_gcc/bin/../lib/gcc/msp430-elf/5.3.0/../../../../msp430-elf/lib/large/libc.a(lib_a-reent.o)
 .comment       0x00000041       0x42 /home/user/ti/msp430_gcc/bin/../lib/gcc/msp430-elf/5.3.0/../../../../msp430-elf/lib/large/libc.a(lib_a-sbrkr.o)
 .comment       0x00000041       0x42 /home/user/ti/msp430_gcc/bin/../lib/gcc/msp430-elf/5.3.0/../../../../msp430-elf/lib/large/libc.a(lib_a-sccl.o)
 .comment       0x00000041       0x42 /home/user/ti/msp430_gcc/bin/../lib/gcc/msp430-elf/5.3.0/../../../../msp430-elf/lib/large/libc.a(lib_a-strtol.o)
 .comment       0x00000041       0x42 /home/user/ti/msp430_gcc/bin/../lib/gcc/msp430-elf/5.3.0/../../../../msp430-elf/lib/large/libc.a(lib_a-strtoul.o)
 .comment       0x00000041       0x42 /home/user/ti/msp430_gcc/bin/../lib/gcc/msp430-elf/5.3.0/../../../../msp430-elf/lib/large/libc.a(lib_a-ungetc.o)
 .comment       0x00000041       0x42 /home/user/ti/msp430_gcc/bin/../lib/gcc/msp430-elf/5.3.0/../../../../msp430-elf/lib/large/libc.a(lib_a-ctype_.o)
 .comment       0x00000041       0x42 /home/user/ti/msp430_gcc/bin/../lib/gcc/msp430-elf/5.3.0/../../../../msp430-elf/lib/large/libc.a(lib_a-fflush.o)
 .comment       0x00000041       0x42 /home/user/ti/msp430_gcc/bin/../lib/gcc/msp430-elf/5.3.0/../../../../msp430-elf/lib/large/libc.a(lib_a-findfp.o)
 .comment       0x00000041       0x42 /home/user/ti/msp430_gcc/bin/../lib/gcc/msp430-elf/5.3.0/../../../../msp430-elf/lib/large/libc.a(lib_a-fwalk.o)
 .comment       0x00000041       0x42 /home/user/ti/msp430_gcc/bin/../lib/gcc/msp430-elf/5.3.0/../../../../msp430-elf/lib/large/libc.a(lib_a-memchr.o)
 .comment       0x00000041       0x42 /home/user/ti/msp430_gcc/bin/../lib/gcc/msp430-elf/5.3.0/../../../../msp430-elf/lib/large/libc.a(lib_a-nano-reallocr.o)
 .comment       0x00000041       0x42 /home/user/ti/msp430_gcc/bin/../lib/gcc/msp430-elf/5.3.0/../../../../msp430-elf/lib/large/libc.a(lib_a-fclose.o)
 .comment       0x00000041       0x42 /home/user/ti/msp430_gcc/bin/../lib/gcc/msp430-elf/5.3.0/../../../../msp430-elf/lib/large/libc.a(lib_a-nano-msizer.o)
 .comment       0x00000041       0x42 /home/user/ti/msp430_gcc/bin/../lib/gcc/msp430-elf/5.3.0/../../../../msp430-elf/lib/large/libnosys.a(write.o)
 .comment       0x00000041       0x42 /home/user/ti/msp430_gcc/bin/../lib/gcc/msp430-elf/5.3.0/../../../../msp430-elf/lib/large/libnosys.a(sbrk.o)
 .comment       0x00000041       0x42 /home/user/ti/msp430_gcc/bin/../lib/gcc/msp430-elf/5.3.0/../../../../msp430-elf/lib/large/libc.a(lib_a-errno.o)
 .comment       0x00000041       0x42 /home/user/ti/msp430_gcc/bin/../lib/gcc/msp430-elf/5.3.0/../../../../msp430-elf/lib/large/libc.a(lib_a-memmove.o)
 .comment       0x00000041       0x42 /home/user/ti/msp430_gcc/bin/../lib/gcc/msp430-elf/5.3.0/large/crtend.o

.debug
 *(.debug)

.line
 *(.line)

.debug_srcinfo
 *(.debug_srcinfo)

.debug_sfnames
 *(.debug_sfnames)

.debug_aranges
 *(.debug_aranges)

.debug_pubnames
 *(.debug_pubnames)

.debug_info
 *(.debug_info .gnu.linkonce.wi.*)

.debug_abbrev
 *(.debug_abbrev)

.debug_line
 *(.debug_line .debug_line.* .debug_line_end)

.debug_frame
 *(.debug_frame)

.debug_str
 *(.debug_str)

.debug_loc
 *(.debug_loc)

.debug_macinfo
 *(.debug_macinfo)

.debug_weaknames
 *(.debug_weaknames)

.debug_funcnames
 *(.debug_funcnames)

.debug_typenames
 *(.debug_typenames)

.debug_varnames
 *(.debug_varnames)

.debug_pubtypes
 *(.debug_pubtypes)

.debug_ranges
 *(.debug_ranges)

.debug_macro
 *(.debug_macro)

/DISCARD/
 *(.note.GNU-stack)
                [!provide]                PROVIDE (ADC12CTL0, 0x700)
                [!provide]                PROVIDE (ADC12CTL0_L, 0x700)
                [!provide]                PROVIDE (ADC12CTL0_H, 0x701)
                [!provide]                PROVIDE (ADC12CTL1, 0x702)
                [!provide]                PROVIDE (ADC12CTL1_L, 0x702)
                [!provide]                PROVIDE (ADC12CTL1_H, 0x703)
                [!provide]                PROVIDE (ADC12CTL2, 0x704)
                [!provide]                PROVIDE (ADC12CTL2_L, 0x704)
                [!provide]                PROVIDE (ADC12CTL2_H, 0x705)
                [!provide]                PROVIDE (ADC12IFG, 0x70a)
                [!provide]                PROVIDE (ADC12IFG_L, 0x70a)
                [!provide]                PROVIDE (ADC12IFG_H, 0x70b)
                [!provide]                PROVIDE (ADC12IE, 0x70c)
                [!provide]                PROVIDE (ADC12IE_L, 0x70c)
                [!provide]                PROVIDE (ADC12IE_H, 0x70d)
                [!provide]                PROVIDE (ADC12IV, 0x70e)
                [!provide]                PROVIDE (ADC12IV_L, 0x70e)
                [!provide]                PROVIDE (ADC12IV_H, 0x70f)
                [!provide]                PROVIDE (ADC12MEM0, 0x720)
                [!provide]                PROVIDE (ADC12MEM0_L, 0x720)
                [!provide]                PROVIDE (ADC12MEM0_H, 0x721)
                [!provide]                PROVIDE (ADC12MEM1, 0x722)
                [!provide]                PROVIDE (ADC12MEM1_L, 0x722)
                [!provide]                PROVIDE (ADC12MEM1_H, 0x723)
                [!provide]                PROVIDE (ADC12MEM2, 0x724)
                [!provide]                PROVIDE (ADC12MEM2_L, 0x724)
                [!provide]                PROVIDE (ADC12MEM2_H, 0x725)
                [!provide]                PROVIDE (ADC12MEM3, 0x726)
                [!provide]                PROVIDE (ADC12MEM3_L, 0x726)
                [!provide]                PROVIDE (ADC12MEM3_H, 0x727)
                [!provide]                PROVIDE (ADC12MEM4, 0x728)
                [!provide]                PROVIDE (ADC12MEM4_L, 0x728)
                [!provide]                PROVIDE (ADC12MEM4_H, 0x729)
                [!provide]                PROVIDE (ADC12MEM5, 0x72a)
                [!provide]                PROVIDE (ADC12MEM5_L, 0x72a)
                [!provide]                PROVIDE (ADC12MEM5_H, 0x72b)
                [!provide]                PROVIDE (ADC12MEM6, 0x72c)
                [!provide]                PROVIDE (ADC12MEM6_L, 0x72c)
                [!provide]                PROVIDE (ADC12MEM6_H, 0x72d)
                [!provide]                PROVIDE (ADC12MEM7, 0x72e)
                [!provide]                PROVIDE (ADC12MEM7_L, 0x72e)
                [!provide]                PROVIDE (ADC12MEM7_H, 0x72f)
                [!provide]                PROVIDE (ADC12MEM8, 0x730)
                [!provide]                PROVIDE (ADC12MEM8_L, 0x730)
                [!provide]                PROVIDE (ADC12MEM8_H, 0x731)
                [!provide]                PROVIDE (ADC12MEM9, 0x732)
                [!provide]                PROVIDE (ADC12MEM9_L, 0x732)
                [!provide]                PROVIDE (ADC12MEM9_H, 0x733)
                [!provide]                PROVIDE (ADC12MEM10, 0x734)
                [!provide]                PROVIDE (ADC12MEM10_L, 0x734)